Archive member included to satisfy reference by file (symbol)

/usr/lib/gcc/arm-none-eabi/12.2.1/thumb/v6-m/nofp/libgcc.a(_dvmd_tls.o)
                              CMakeFiles/debugprobe.dir/home/stephan/pico/pico-sdk/src/rp2_common/pico_divider/divider.S.obj (__aeabi_idiv0)
/usr/lib/gcc/arm-none-eabi/12.2.1/thumb/v6-m/nofp/libgcc.a(_paritysi2.o)
                              CMakeFiles/debugprobe.dir/src/sw_dp_pio.c.obj (__paritysi2)
/usr/lib/gcc/arm-none-eabi/12.2.1/../../../arm-none-eabi/lib/thumb/v6-m/nofp/libc.a(lib_a-atexit.o)
                              /usr/lib/gcc/arm-none-eabi/12.2.1/../../../arm-none-eabi/lib/thumb/v6-m/nofp/crt0.o (atexit)
/usr/lib/gcc/arm-none-eabi/12.2.1/../../../arm-none-eabi/lib/thumb/v6-m/nofp/libc.a(lib_a-calloc.o)
                              CMakeFiles/debugprobe.dir/home/stephan/pico/pico-sdk/src/rp2_common/pico_malloc/pico_malloc.c.obj (calloc)
/usr/lib/gcc/arm-none-eabi/12.2.1/../../../arm-none-eabi/lib/thumb/v6-m/nofp/libc.a(lib_a-callocr.o)
                              /usr/lib/gcc/arm-none-eabi/12.2.1/../../../arm-none-eabi/lib/thumb/v6-m/nofp/libc.a(lib_a-calloc.o) (_calloc_r)
/usr/lib/gcc/arm-none-eabi/12.2.1/../../../arm-none-eabi/lib/thumb/v6-m/nofp/libc.a(lib_a-fini.o)
                              /usr/lib/gcc/arm-none-eabi/12.2.1/../../../arm-none-eabi/lib/thumb/v6-m/nofp/crt0.o (__libc_fini_array)
/usr/lib/gcc/arm-none-eabi/12.2.1/../../../arm-none-eabi/lib/thumb/v6-m/nofp/libc.a(lib_a-impure.o)
                              /usr/lib/gcc/arm-none-eabi/12.2.1/../../../arm-none-eabi/lib/thumb/v6-m/nofp/libc.a(lib_a-calloc.o) (_impure_ptr)
/usr/lib/gcc/arm-none-eabi/12.2.1/../../../arm-none-eabi/lib/thumb/v6-m/nofp/libc.a(lib_a-init.o)
                              /usr/lib/gcc/arm-none-eabi/12.2.1/../../../arm-none-eabi/lib/thumb/v6-m/nofp/crt0.o (__libc_init_array)
/usr/lib/gcc/arm-none-eabi/12.2.1/../../../arm-none-eabi/lib/thumb/v6-m/nofp/libc.a(lib_a-malloc.o)
                              CMakeFiles/debugprobe.dir/home/stephan/pico/pico-sdk/src/rp2_common/pico_malloc/pico_malloc.c.obj (malloc)
/usr/lib/gcc/arm-none-eabi/12.2.1/../../../arm-none-eabi/lib/thumb/v6-m/nofp/libc.a(lib_a-mallocr.o)
                              /usr/lib/gcc/arm-none-eabi/12.2.1/../../../arm-none-eabi/lib/thumb/v6-m/nofp/libc.a(lib_a-callocr.o) (_malloc_r)
/usr/lib/gcc/arm-none-eabi/12.2.1/../../../arm-none-eabi/lib/thumb/v6-m/nofp/libc.a(lib_a-mlock.o)
                              /usr/lib/gcc/arm-none-eabi/12.2.1/../../../arm-none-eabi/lib/thumb/v6-m/nofp/libc.a(lib_a-mallocr.o) (__malloc_lock)
/usr/lib/gcc/arm-none-eabi/12.2.1/../../../arm-none-eabi/lib/thumb/v6-m/nofp/libc.a(lib_a-realloc.o)
                              CMakeFiles/debugprobe.dir/home/stephan/pico/pico-sdk/src/rp2_common/pico_malloc/pico_malloc.c.obj (realloc)
/usr/lib/gcc/arm-none-eabi/12.2.1/../../../arm-none-eabi/lib/thumb/v6-m/nofp/libc.a(lib_a-reallocr.o)
                              /usr/lib/gcc/arm-none-eabi/12.2.1/../../../arm-none-eabi/lib/thumb/v6-m/nofp/libc.a(lib_a-realloc.o) (_realloc_r)
/usr/lib/gcc/arm-none-eabi/12.2.1/../../../arm-none-eabi/lib/thumb/v6-m/nofp/libc.a(lib_a-sbrkr.o)
                              /usr/lib/gcc/arm-none-eabi/12.2.1/../../../arm-none-eabi/lib/thumb/v6-m/nofp/libc.a(lib_a-mallocr.o) (_sbrk_r)
/usr/lib/gcc/arm-none-eabi/12.2.1/../../../arm-none-eabi/lib/thumb/v6-m/nofp/libc.a(lib_a-strlen-stub.o)
                              CMakeFiles/debugprobe.dir/src/usb_descriptors.c.obj (strlen)
/usr/lib/gcc/arm-none-eabi/12.2.1/../../../arm-none-eabi/lib/thumb/v6-m/nofp/libc.a(lib_a-__atexit.o)
                              /usr/lib/gcc/arm-none-eabi/12.2.1/../../../arm-none-eabi/lib/thumb/v6-m/nofp/libc.a(lib_a-atexit.o) (__register_exitproc)
/usr/lib/gcc/arm-none-eabi/12.2.1/../../../arm-none-eabi/lib/thumb/v6-m/nofp/libc.a(lib_a-freer.o)
                              /usr/lib/gcc/arm-none-eabi/12.2.1/../../../arm-none-eabi/lib/thumb/v6-m/nofp/libc.a(lib_a-malloc.o) (_free_r)
/usr/lib/gcc/arm-none-eabi/12.2.1/../../../arm-none-eabi/lib/thumb/v6-m/nofp/libc.a(lib_a-memmove.o)
                              /usr/lib/gcc/arm-none-eabi/12.2.1/../../../arm-none-eabi/lib/thumb/v6-m/nofp/libc.a(lib_a-reallocr.o) (memmove)
/usr/lib/gcc/arm-none-eabi/12.2.1/../../../arm-none-eabi/lib/thumb/v6-m/nofp/libc.a(lib_a-reent.o)
                              /usr/lib/gcc/arm-none-eabi/12.2.1/../../../arm-none-eabi/lib/thumb/v6-m/nofp/libc.a(lib_a-sbrkr.o) (errno)

Discarded input sections

 .text          0x00000000        0x0 /usr/lib/gcc/arm-none-eabi/12.2.1/thumb/v6-m/nofp/crti.o
 .data          0x00000000        0x0 /usr/lib/gcc/arm-none-eabi/12.2.1/thumb/v6-m/nofp/crti.o
 .bss           0x00000000        0x0 /usr/lib/gcc/arm-none-eabi/12.2.1/thumb/v6-m/nofp/crti.o
 .data          0x00000000        0x4 /usr/lib/gcc/arm-none-eabi/12.2.1/thumb/v6-m/nofp/crtbegin.o
 .rodata        0x00000000       0x24 /usr/lib/gcc/arm-none-eabi/12.2.1/thumb/v6-m/nofp/crtbegin.o
[...]
Memory Configuration

Name             Origin             Length             Attributes
FLASH            0x10000000         0x00200000         xr
RAM              0x20000000         0x00040000         xrw
SCRATCH_X        0x20040000         0x00001000         xrw
SCRATCH_Y        0x20041000         0x00001000         xrw
*default*        0x00000000         0xffffffff

Linker script and memory map

LOAD /usr/lib/gcc/arm-none-eabi/12.2.1/thumb/v6-m/nofp/crti.o
LOAD /usr/lib/gcc/arm-none-eabi/12.2.1/thumb/v6-m/nofp/crtbegin.o
LOAD /usr/lib/gcc/arm-none-eabi/12.2.1/../../../arm-none-eabi/lib/thumb/v6-m/nofp/crt0.o

.flash_begin    0x10000000        0x0
                0x10000000                __flash_binary_start = .

.boot2          0x10000000      0x100
                0x10000000                __boot2_start__ = .
 *(.boot2)
 .boot2         0x10000000      0x100 /tmp/ccEsLVzO.o
                0x10000100                __boot2_end__ = .
                0x00000001                ASSERT (((__boot2_end__ - __boot2_start__) == 0x100), ERROR: Pico second stage bootloader must be 256 bytes in size)

.flashtext      0x10000100      0x1d8
                0x10000100                __logical_binary_start = .
 *(.vectors)
 .vectors       0x10000100       0xd4 CMakeFiles/debugprobe.dir/home/stephan/pico/pico-sdk/src/rp2_common/pico_standard_link/crt0.S.obj
                0x10000100                __vectors
                0x10000100                __VECTOR_TABLE
                0x100001c0                isr_invalid
                0x100001c0                __default_isrs_start
                0x100001c2                isr_nmi
                0x100001c4                isr_hardfault
                0x100001c6                isr_svcall
                0x100001c8                isr_pendsv
                0x100001ca                isr_systick
                0x100001cc                isr_irq30
                0x100001cc                __unhandled_user_irq
                0x100001cc                isr_irq13
                0x100001cc                isr_irq27
                0x100001cc                isr_irq31
                0x100001cc                isr_irq5
                0x100001cc                isr_irq11
                0x100001cc                isr_irq23
                0x100001cc                isr_irq18
                0x100001cc                isr_irq28
                0x100001cc                isr_irq19
                0x100001cc                isr_irq0
                0x100001cc                isr_irq6
                0x100001cc                isr_irq22
                0x100001cc                isr_irq17
                0x100001cc                isr_irq14
                0x100001cc                isr_irq2
                0x100001cc                isr_irq10
                0x100001cc                isr_irq8
                0x100001cc                isr_irq24
                0x100001cc                isr_irq1
                0x100001cc                isr_irq7
                0x100001cc                isr_irq21
                0x100001cc                isr_irq20
                0x100001cc                isr_irq15
                0x100001cc                isr_irq25
                0x100001cc                isr_irq4
                0x100001cc                isr_irq16
                0x100001cc                isr_irq29
                0x100001cc                isr_irq26
                0x100001cc                __default_isrs_end
                0x100001cc                isr_irq3
                0x100001cc                isr_irq12
                0x100001cc                isr_irq9
                0x100001d2                unhandled_user_irq_num_in_r0
 *(.binary_info_header)
 .binary_info_header
                0x100001d4       0x14 CMakeFiles/debugprobe.dir/home/stephan/pico/pico-sdk/src/rp2_common/pico_standard_link/crt0.S.obj
                0x100001e8                __binary_info_header_end = .
 *(.reset)
 .reset         0x100001e8       0xac CMakeFiles/debugprobe.dir/home/stephan/pico/pico-sdk/src/rp2_common/pico_standard_link/crt0.S.obj
                0x100001e8                _entry_point
 *fill*         0x10000294        0x4 
 .reset.__stub  0x10000298       0x10 linker stubs
 .reset         0x100002a8       0x30 CMakeFiles/debugprobe.dir/home/stephan/pico/pico-sdk/src/rp2_common/pico_standard_link/binary_info.c.obj

.rodata         0x100002d8        0x0
 *(SORT_BY_ALIGNMENT(SORT_BY_NAME(.flashdata*)))
                0x100002d8                . = ALIGN (0x4)

.ARM.extab
 *(.ARM.extab* .gnu.linkonce.armextab.*)
                0x100002d8                __exidx_start = .

.ARM.exidx
 *(.ARM.exidx* .gnu.linkonce.armexidx.*)
                0x100002d8                __exidx_end = .
                0x100002d8                . = ALIGN (0x4)
                0x100002d8                __binary_info_start = .

.binary_info    0x100002d8       0x48
 *(.binary_info.keep.*)
 .binary_info.keep.__bi_ptr35
                0x100002d8        0x4 CMakeFiles/debugprobe.dir/src/probe_config.c.obj
 .binary_info.keep.__bi_ptr34
                0x100002dc        0x4 CMakeFiles/debugprobe.dir/src/probe_config.c.obj
 .binary_info.keep.__bi_ptr33
                0x100002e0        0x4 CMakeFiles/debugprobe.dir/src/probe_config.c.obj
 .binary_info.keep.__bi_ptr32
                0x100002e4        0x4 CMakeFiles/debugprobe.dir/src/probe_config.c.obj
 .binary_info.keep.__bi_ptr24
                0x100002e8        0x4 CMakeFiles/debugprobe.dir/src/probe_config.c.obj
 .binary_info.keep.__bi_ptr20
                0x100002ec        0x4 CMakeFiles/debugprobe.dir/src/probe_config.c.obj
 .binary_info.keep.__bi_ptr16
                0x100002f0        0x4 CMakeFiles/debugprobe.dir/src/probe_config.c.obj
 .binary_info.keep.__bi_ptr81
                0x100002f4        0x4 CMakeFiles/debugprobe.dir/home/stephan/pico/pico-sdk/src/rp2_common/pico_standard_link/binary_info.c.obj
 .binary_info.keep.__bi_ptr75
                0x100002f8        0x4 CMakeFiles/debugprobe.dir/home/stephan/pico/pico-sdk/src/rp2_common/pico_standard_link/binary_info.c.obj
 .binary_info.keep.__bi_ptr50
                0x100002fc        0x4 CMakeFiles/debugprobe.dir/home/stephan/pico/pico-sdk/src/rp2_common/pico_standard_link/binary_info.c.obj
 .binary_info.keep.__bi_ptr44
                0x10000300        0x4 CMakeFiles/debugprobe.dir/home/stephan/pico/pico-sdk/src/rp2_common/pico_standard_link/binary_info.c.obj
 .binary_info.keep.__bi_ptr38
                0x10000304        0x4 CMakeFiles/debugprobe.dir/home/stephan/pico/pico-sdk/src/rp2_common/pico_standard_link/binary_info.c.obj
 .binary_info.keep.__bi_ptr30
                0x10000308        0x4 CMakeFiles/debugprobe.dir/home/stephan/pico/pico-sdk/src/rp2_common/pico_standard_link/binary_info.c.obj
 .binary_info.keep.__bi_ptr22
                0x1000030c        0x4 CMakeFiles/debugprobe.dir/home/stephan/pico/pico-sdk/src/rp2_common/pico_standard_link/binary_info.c.obj
 .binary_info.keep.__bi_ptr152
                0x10000310        0x4 CMakeFiles/debugprobe.dir/home/stephan/pico/pico-sdk/lib/tinyusb/hw/bsp/rp2040/family.c.obj
 .binary_info.keep.__bi_ptr142
                0x10000314        0x4 CMakeFiles/debugprobe.dir/home/stephan/pico/pico-sdk/lib/tinyusb/hw/bsp/rp2040/family.c.obj
 *(.binary_info.*)
 .binary_info.__bi_ptr34
                0x10000318        0x4 CMakeFiles/debugprobe.dir/home/stephan/pico/pico-sdk/src/rp2_common/pico_stdio_uart/stdio_uart.c.obj
 .binary_info.__bi_ptr33
                0x1000031c        0x4 CMakeFiles/debugprobe.dir/home/stephan/pico/pico-sdk/src/rp2_common/pico_stdio_uart/stdio_uart.c.obj
                0x10000320                __binary_info_end = .
                0x10000320                . = ALIGN (0x4)

.ram_vector_table
                0x20000000       0xc0
 *(.ram_vector_table)
 .ram_vector_table
                0x20000000       0xc0 CMakeFiles/debugprobe.dir/home/stephan/pico/pico-sdk/src/rp2_common/pico_runtime/runtime.c.obj
                0x20000000                ram_vector_table

.text           0x200000c0     0x8cc8 load address 0x10000320
                0x200000c0                __ram_text_start__ = .
 *(.init)
 .init          0x200000c0        0x4 /usr/lib/gcc/arm-none-eabi/12.2.1/thumb/v6-m/nofp/crti.o
                0x200000c0                _init
 *(.text*)
 .text          0x200000c4       0x98 /usr/lib/gcc/arm-none-eabi/12.2.1/thumb/v6-m/nofp/crtbegin.o
 .text.bi_decl_config
                0x2000015c        0x4 CMakeFiles/debugprobe.dir/src/probe_config.c.obj
                0x2000015c                bi_decl_config
 .text.led_init
                0x20000160       0x40 CMakeFiles/debugprobe.dir/src/led.c.obj
                0x20000160                led_init
 .text.usb_thread
                0x200001a0       0x50 CMakeFiles/debugprobe.dir/src/main.c.obj
                0x200001a0                usb_thread
 .text.startup.main
                0x200001f0       0x94 CMakeFiles/debugprobe.dir/src/main.c.obj
                0x200001f0                main
 .text.tud_hid_get_report_cb
                0x20000284        0x4 CMakeFiles/debugprobe.dir/src/main.c.obj
                0x20000284                tud_hid_get_report_cb
 .text.tud_hid_set_report_cb
                0x20000288       0x2c CMakeFiles/debugprobe.dir/src/main.c.obj
                0x20000288                tud_hid_set_report_cb
 .text.tud_vendor_control_xfer_cb
                0x200002b4       0x54 CMakeFiles/debugprobe.dir/src/main.c.obj
                0x200002b4                tud_vendor_control_xfer_cb
 .text.vApplicationTickHook
                0x20000308        0x4 CMakeFiles/debugprobe.dir/src/main.c.obj
                0x20000308                vApplicationTickHook
 .text.vApplicationStackOverflowHook
                0x2000030c       0x10 CMakeFiles/debugprobe.dir/src/main.c.obj
                0x2000030c                vApplicationStackOverflowHook
 .text.vApplicationMallocFailedHook
                0x2000031c        0xc CMakeFiles/debugprobe.dir/src/main.c.obj
                0x2000031c                vApplicationMallocFailedHook
 .text.tud_descriptor_device_cb
                0x20000328        0x8 CMakeFiles/debugprobe.dir/src/usb_descriptors.c.obj
                0x20000328                tud_descriptor_device_cb
 .text.tud_hid_descriptor_report_cb
                0x20000330        0x8 CMakeFiles/debugprobe.dir/src/usb_descriptors.c.obj
                0x20000330                tud_hid_descriptor_report_cb
 .text.tud_descriptor_configuration_cb
                0x20000338       0x10 CMakeFiles/debugprobe.dir/src/usb_descriptors.c.obj
                0x20000338                tud_descriptor_configuration_cb
 .text.tud_descriptor_string_cb
                0x20000348       0x7c CMakeFiles/debugprobe.dir/src/usb_descriptors.c.obj
                0x20000348                tud_descriptor_string_cb
 .text.tud_descriptor_bos_cb
                0x200003c4        0x8 CMakeFiles/debugprobe.dir/src/usb_descriptors.c.obj
                0x200003c4                tud_descriptor_bos_cb
 .text.probe_set_swclk_freq
                0x200003cc       0x34 CMakeFiles/debugprobe.dir/src/probe.c.obj
                0x200003cc                probe_set_swclk_freq
 .text.probe_write_bits
                0x20000400       0x3c CMakeFiles/debugprobe.dir/src/probe.c.obj
                0x20000400                probe_write_bits
 .text.probe_hiz_clocks
                0x2000043c       0x38 CMakeFiles/debugprobe.dir/src/probe.c.obj
                0x2000043c                probe_hiz_clocks
 .text.probe_read_bits
                0x20000474       0x44 CMakeFiles/debugprobe.dir/src/probe.c.obj
                0x20000474                probe_read_bits
 .text.probe_read_mode
                0x200004b8       0x34 CMakeFiles/debugprobe.dir/src/probe.c.obj
                0x200004b8                probe_read_mode
 .text.probe_write_mode
                0x200004ec       0x38 CMakeFiles/debugprobe.dir/src/probe.c.obj
                0x200004ec                probe_write_mode
 .text.probe_init
                0x20000524       0xc8 CMakeFiles/debugprobe.dir/src/probe.c.obj
                0x20000524                probe_init
 .text.probe_deinit
                0x200005ec       0x54 CMakeFiles/debugprobe.dir/src/probe.c.obj
                0x200005ec                probe_deinit
 .text.cdc_uart_init
                0x20000640       0x38 CMakeFiles/debugprobe.dir/src/cdc_uart.c.obj
                0x20000640                cdc_uart_init
 .text.cdc_task
                0x20000678      0x1a0 CMakeFiles/debugprobe.dir/src/cdc_uart.c.obj
                0x20000678                cdc_task
 .text.cdc_thread
                0x20000818       0x30 CMakeFiles/debugprobe.dir/src/cdc_uart.c.obj
                0x20000818                cdc_thread
 .text.tud_cdc_line_coding_cb
                0x20000848       0xdc CMakeFiles/debugprobe.dir/src/cdc_uart.c.obj
                0x20000848                tud_cdc_line_coding_cb
 .text.tud_cdc_line_state_cb
                0x20000924       0x40 CMakeFiles/debugprobe.dir/src/cdc_uart.c.obj
                0x20000924                tud_cdc_line_state_cb
 .text.tud_cdc_send_break_cb
                0x20000964       0x84 CMakeFiles/debugprobe.dir/src/cdc_uart.c.obj
                0x20000964                tud_cdc_send_break_cb
 .text.usb_serial_init
                0x200009e8      0x1e8 CMakeFiles/debugprobe.dir/src/get_serial.c.obj
                0x200009e8                usb_serial_init
 .text.SWJ_Sequence
                0x20000bd0       0x58 CMakeFiles/debugprobe.dir/src/sw_dp_pio.c.obj
                0x20000bd0                SWJ_Sequence
 .text.SWD_Sequence
                0x20000c28       0x90 CMakeFiles/debugprobe.dir/src/sw_dp_pio.c.obj
                0x20000c28                SWD_Sequence
 .text.SWD_Transfer
                0x20000cb8      0x174 CMakeFiles/debugprobe.dir/src/sw_dp_pio.c.obj
                0x20000cb8                SWD_Transfer
 .text.dap_edpt_init
                0x20000e2c        0x4 CMakeFiles/debugprobe.dir/src/tusb_edpt_handler.c.obj
                0x20000e2c                dap_edpt_init
 .text.dap_edpt_reset
                0x20000e30        0x4 CMakeFiles/debugprobe.dir/src/tusb_edpt_handler.c.obj
                0x20000e30                dap_edpt_reset
 .text.dap_edpt_control_xfer_cb
                0x20000e34        0x4 CMakeFiles/debugprobe.dir/src/tusb_edpt_handler.c.obj
                0x20000e34                dap_edpt_control_xfer_cb
 .text.dap_edpt_open
                0x20000e38       0xb0 CMakeFiles/debugprobe.dir/src/tusb_edpt_handler.c.obj
                0x20000e38                dap_edpt_open
 .text.dap_edpt_xfer_cb
                0x20000ee8       0xa8 CMakeFiles/debugprobe.dir/src/tusb_edpt_handler.c.obj
                0x20000ee8                dap_edpt_xfer_cb
 .text.dap_thread
                0x20000f90      0x19c CMakeFiles/debugprobe.dir/src/tusb_edpt_handler.c.obj
                0x20000f90                dap_thread
 .text.usbd_app_driver_get_cb
                0x2000112c        0xc CMakeFiles/debugprobe.dir/src/tusb_edpt_handler.c.obj
                0x2000112c                usbd_app_driver_get_cb
 .text.DAP_ProcessCommand
                0x20001138      0xbd8 CMakeFiles/debugprobe.dir/CMSIS_5/CMSIS/DAP/Firmware/Source/DAP.c.obj
                0x20001138                DAP_ProcessCommand
 .text.DAP_ExecuteCommand
                0x20001d10       0x44 CMakeFiles/debugprobe.dir/CMSIS_5/CMSIS/DAP/Firmware/Source/DAP.c.obj
                0x20001d10                DAP_ExecuteCommand
 .text.DAP_Setup
                0x20001d54       0x3c CMakeFiles/debugprobe.dir/CMSIS_5/CMSIS/DAP/Firmware/Source/DAP.c.obj
                0x20001d54                DAP_Setup
 .text.DAP_ProcessVendorCommand
                0x20001d90        0xc CMakeFiles/debugprobe.dir/CMSIS_5/CMSIS/DAP/Firmware/Source/DAP_vendor.c.obj
                0x20001d90                DAP_ProcessVendorCommand
 .text.lock_init
                0x20001d9c       0x10 CMakeFiles/debugprobe.dir/home/stephan/pico/pico-sdk/src/common/pico_sync/lock_core.c.obj
                0x20001d9c                lock_init
 .text.mutex_init
                0x20001dac       0x1c CMakeFiles/debugprobe.dir/home/stephan/pico/pico-sdk/src/common/pico_sync/mutex.c.obj
                0x20001dac                mutex_init
 .text.recursive_mutex_init
                0x20001dc8       0x20 CMakeFiles/debugprobe.dir/home/stephan/pico/pico-sdk/src/common/pico_sync/mutex.c.obj
                0x20001dc8                recursive_mutex_init
 .text.critical_section_init
                0x20001de8       0x1c CMakeFiles/debugprobe.dir/home/stephan/pico/pico-sdk/src/common/pico_sync/critical_section.c.obj
                0x20001de8                critical_section_init
 .text.timer_pool_entry_comparator
                0x20001e04       0x34 CMakeFiles/debugprobe.dir/home/stephan/pico/pico-sdk/src/common/pico_time/time.c.obj
                0x20001e04                timer_pool_entry_comparator
 .text.sleep_until_callback
                0x20001e38       0x24 CMakeFiles/debugprobe.dir/home/stephan/pico/pico-sdk/src/common/pico_time/time.c.obj
 .text.add_alarm_under_lock.isra.0
                0x20001e5c      0x100 CMakeFiles/debugprobe.dir/home/stephan/pico/pico-sdk/src/common/pico_time/time.c.obj
 .text.alarm_pool_alarm_callback
                0x20001f5c      0x1c0 CMakeFiles/debugprobe.dir/home/stephan/pico/pico-sdk/src/common/pico_time/time.c.obj
 .text.alarm_pool_init_default
                0x2000211c       0x6c CMakeFiles/debugprobe.dir/home/stephan/pico/pico-sdk/src/common/pico_time/time.c.obj
                0x2000211c                alarm_pool_init_default
 .text.alarm_pool_get_default
                0x20002188        0x8 CMakeFiles/debugprobe.dir/home/stephan/pico/pico-sdk/src/common/pico_time/time.c.obj
                0x20002188                alarm_pool_get_default
 .text.alarm_pool_add_alarm_at
                0x20002190      0x188 CMakeFiles/debugprobe.dir/home/stephan/pico/pico-sdk/src/common/pico_time/time.c.obj
                0x20002190                alarm_pool_add_alarm_at
 .text.best_effort_wfe_or_timeout
                0x20002318       0xec CMakeFiles/debugprobe.dir/home/stephan/pico/pico-sdk/src/common/pico_time/time.c.obj
                0x20002318                best_effort_wfe_or_timeout
 .text.hardware_alarm_irq_handler
                0x20002404       0xbc CMakeFiles/debugprobe.dir/home/stephan/pico/pico-sdk/src/rp2_common/hardware_timer/timer.c.obj
 .text.hardware_alarm_claim
                0x200024c0       0x18 CMakeFiles/debugprobe.dir/home/stephan/pico/pico-sdk/src/rp2_common/hardware_timer/timer.c.obj
                0x200024c0                hardware_alarm_claim
 .text.time_us_64
                0x200024d8       0x14 CMakeFiles/debugprobe.dir/home/stephan/pico/pico-sdk/src/rp2_common/hardware_timer/timer.c.obj
                0x200024d8                time_us_64
 .text.busy_wait_us
                0x200024ec       0x68 CMakeFiles/debugprobe.dir/home/stephan/pico/pico-sdk/src/rp2_common/hardware_timer/timer.c.obj
                0x200024ec                busy_wait_us
 .text.hardware_alarm_set_callback
                0x20002554       0x8c CMakeFiles/debugprobe.dir/home/stephan/pico/pico-sdk/src/rp2_common/hardware_timer/timer.c.obj
                0x20002554                hardware_alarm_set_callback
 .text.hardware_alarm_set_target
                0x200025e0       0xd0 CMakeFiles/debugprobe.dir/home/stephan/pico/pico-sdk/src/rp2_common/hardware_timer/timer.c.obj
                0x200025e0                hardware_alarm_set_target
 .text.hardware_alarm_cancel
                0x200026b0       0x3c CMakeFiles/debugprobe.dir/home/stephan/pico/pico-sdk/src/rp2_common/hardware_timer/timer.c.obj
                0x200026b0                hardware_alarm_cancel
 .text.running_on_fpga
                0x200026ec       0x10 CMakeFiles/debugprobe.dir/home/stephan/pico/pico-sdk/src/rp2_common/pico_platform/platform.c.obj
                0x200026ec                running_on_fpga
 .text.rp2040_chip_version
                0x200026fc        0xc CMakeFiles/debugprobe.dir/home/stephan/pico/pico-sdk/src/rp2_common/pico_platform/platform.c.obj
                0x200026fc                rp2040_chip_version
 .text.hw_claim_lock
                0x20002708       0x18 CMakeFiles/debugprobe.dir/home/stephan/pico/pico-sdk/src/rp2_common/hardware_claim/claim.c.obj
                0x20002708                hw_claim_lock
 .text.hw_claim_unlock
                0x20002720       0x14 CMakeFiles/debugprobe.dir/home/stephan/pico/pico-sdk/src/rp2_common/hardware_claim/claim.c.obj
                0x20002720                hw_claim_unlock
 .text.hw_claim_or_assert
                0x20002734       0x44 CMakeFiles/debugprobe.dir/home/stephan/pico/pico-sdk/src/rp2_common/hardware_claim/claim.c.obj
                0x20002734                hw_claim_or_assert
 .text.hw_claim_unused_from_range
                0x20002778       0x9c CMakeFiles/debugprobe.dir/home/stephan/pico/pico-sdk/src/rp2_common/hardware_claim/claim.c.obj
                0x20002778                hw_claim_unused_from_range
 .text.spin_locks_reset
                0x20002814       0x1c CMakeFiles/debugprobe.dir/home/stephan/pico/pico-sdk/src/rp2_common/hardware_sync/sync.c.obj
                0x20002814                spin_locks_reset
 .text.next_striped_spin_lock_num
                0x20002830       0x18 CMakeFiles/debugprobe.dir/home/stephan/pico/pico-sdk/src/rp2_common/hardware_sync/sync.c.obj
                0x20002830                next_striped_spin_lock_num
 .text.spin_lock_claim_unused
                0x20002848       0x24 CMakeFiles/debugprobe.dir/home/stephan/pico/pico-sdk/src/rp2_common/hardware_sync/sync.c.obj
                0x20002848                spin_lock_claim_unused
 .text.irq_set_enabled
                0x2000286c       0x24 CMakeFiles/debugprobe.dir/home/stephan/pico/pico-sdk/src/rp2_common/hardware_irq/irq.c.obj
                0x2000286c                irq_set_enabled
 .text.irq_get_vtable_handler
                0x20002890       0x10 CMakeFiles/debugprobe.dir/home/stephan/pico/pico-sdk/src/rp2_common/hardware_irq/irq.c.obj
                0x20002890                irq_get_vtable_handler
 .text.irq_set_exclusive_handler
                0x200028a0       0x54 CMakeFiles/debugprobe.dir/home/stephan/pico/pico-sdk/src/rp2_common/hardware_irq/irq.c.obj
                0x200028a0                irq_set_exclusive_handler
 .text.irq_add_shared_handler
                0x200028f4      0x1f4 CMakeFiles/debugprobe.dir/home/stephan/pico/pico-sdk/src/rp2_common/hardware_irq/irq.c.obj
                0x200028f4                irq_add_shared_handler
 .text.irq_remove_handler
                0x20002ae8      0x1c4 CMakeFiles/debugprobe.dir/home/stephan/pico/pico-sdk/src/rp2_common/hardware_irq/irq.c.obj
                0x20002ae8                irq_remove_handler
 .text.irq_set_priority
                0x20002cac       0x28 CMakeFiles/debugprobe.dir/home/stephan/pico/pico-sdk/src/rp2_common/hardware_irq/irq.c.obj
                0x20002cac                irq_set_priority
 .text.irq_add_tail_to_free_list
                0x20002cd4       0xb4 CMakeFiles/debugprobe.dir/home/stephan/pico/pico-sdk/src/rp2_common/hardware_irq/irq.c.obj
                0x20002cd4                irq_add_tail_to_free_list
 .text.irq_init_priorities
                0x20002d88       0x24 CMakeFiles/debugprobe.dir/home/stephan/pico/pico-sdk/src/rp2_common/hardware_irq/irq.c.obj
                0x20002d88                irq_init_priorities
 .text.ph_merge_nodes
                0x20002dac       0x64 CMakeFiles/debugprobe.dir/home/stephan/pico/pico-sdk/src/common/pico_util/pheap.c.obj
 .text.ph_post_alloc_init
                0x20002e10       0x3c CMakeFiles/debugprobe.dir/home/stephan/pico/pico-sdk/src/common/pico_util/pheap.c.obj
                0x20002e10                ph_post_alloc_init
 .text.ph_merge_two_pass
                0x20002e4c       0x98 CMakeFiles/debugprobe.dir/home/stephan/pico/pico-sdk/src/common/pico_util/pheap.c.obj
                0x20002e4c                ph_merge_two_pass
 .text.ph_remove_any_head
                0x20002ee4      0x100 CMakeFiles/debugprobe.dir/home/stephan/pico/pico-sdk/src/common/pico_util/pheap.c.obj
 .text.ph_remove_head
                0x20002fe4      0x104 CMakeFiles/debugprobe.dir/home/stephan/pico/pico-sdk/src/common/pico_util/pheap.c.obj
                0x20002fe4                ph_remove_head
 .text.ph_remove_and_free_node
                0x200030e8       0x78 CMakeFiles/debugprobe.dir/home/stephan/pico/pico-sdk/src/common/pico_util/pheap.c.obj
                0x200030e8                ph_remove_and_free_node
 .text.gpio_set_function
                0x20003160       0x30 CMakeFiles/debugprobe.dir/home/stephan/pico/pico-sdk/src/rp2_common/hardware_gpio/gpio.c.obj
                0x20003160                gpio_set_function
 .text.gpio_get_function
                0x20003190       0x14 CMakeFiles/debugprobe.dir/home/stephan/pico/pico-sdk/src/rp2_common/hardware_gpio/gpio.c.obj
                0x20003190                gpio_get_function
 .text.gpio_set_pulls
                0x200031a4       0x24 CMakeFiles/debugprobe.dir/home/stephan/pico/pico-sdk/src/rp2_common/hardware_gpio/gpio.c.obj
                0x200031a4                gpio_set_pulls
 .text.gpio_set_inover
                0x200031c8       0x24 CMakeFiles/debugprobe.dir/home/stephan/pico/pico-sdk/src/rp2_common/hardware_gpio/gpio.c.obj
                0x200031c8                gpio_set_inover
 .text.gpio_set_oeover
                0x200031ec       0x24 CMakeFiles/debugprobe.dir/home/stephan/pico/pico-sdk/src/rp2_common/hardware_gpio/gpio.c.obj
                0x200031ec                gpio_set_oeover
 .text.gpio_init
                0x20003210       0x3c CMakeFiles/debugprobe.dir/home/stephan/pico/pico-sdk/src/rp2_common/hardware_gpio/gpio.c.obj
                0x20003210                gpio_init
 .text.uart_init
                0x2000324c      0x188 CMakeFiles/debugprobe.dir/home/stephan/pico/pico-sdk/src/rp2_common/hardware_uart/uart.c.obj
                0x2000324c                uart_init
 .text.uart_deinit
                0x200033d4       0x24 CMakeFiles/debugprobe.dir/home/stephan/pico/pico-sdk/src/rp2_common/hardware_uart/uart.c.obj
                0x200033d4                uart_deinit
 .text.uart_set_format
                0x200033f8       0x7c CMakeFiles/debugprobe.dir/home/stephan/pico/pico-sdk/src/rp2_common/hardware_uart/uart.c.obj
                0x200033f8                uart_set_format
 .text.uart_set_break
                0x20003474       0x60 CMakeFiles/debugprobe.dir/home/stephan/pico/pico-sdk/src/rp2_common/hardware_uart/uart.c.obj
                0x20003474                uart_set_break
 .text.clocks_init
                0x200034d4      0x2c8 CMakeFiles/debugprobe.dir/home/stephan/pico/pico-sdk/src/rp2_common/hardware_clocks/clocks.c.obj
                0x200034d4                clocks_init
 .text.clock_get_hz
                0x2000379c        0xc CMakeFiles/debugprobe.dir/home/stephan/pico/pico-sdk/src/rp2_common/hardware_clocks/clocks.c.obj
                0x2000379c                clock_get_hz
 .text.pll_init
                0x200037a8       0xa0 CMakeFiles/debugprobe.dir/home/stephan/pico/pico-sdk/src/rp2_common/hardware_pll/pll.c.obj
                0x200037a8                pll_init
 .text.watchdog_start_tick
                0x20003848       0x10 CMakeFiles/debugprobe.dir/home/stephan/pico/pico-sdk/src/rp2_common/hardware_watchdog/watchdog.c.obj
                0x20003848                watchdog_start_tick
 .text.xosc_init
                0x20003858       0x28 CMakeFiles/debugprobe.dir/home/stephan/pico/pico-sdk/src/rp2_common/hardware_xosc/xosc.c.obj
                0x20003858                xosc_init
 .text.runtime_init
                0x20003880       0xf0 CMakeFiles/debugprobe.dir/home/stephan/pico/pico-sdk/src/rp2_common/pico_runtime/runtime.c.obj
                0x20003880                runtime_init
 .text._exit    0x20003970        0x4 CMakeFiles/debugprobe.dir/home/stephan/pico/pico-sdk/src/rp2_common/pico_runtime/runtime.c.obj
                0x20003970                _exit
 .text.exit     0x20003974        0x8 CMakeFiles/debugprobe.dir/home/stephan/pico/pico-sdk/src/rp2_common/pico_runtime/runtime.c.obj
                0x20003974                exit
 .text.panic    0x2000397c       0x30 CMakeFiles/debugprobe.dir/home/stephan/pico/pico-sdk/src/rp2_common/pico_runtime/runtime.c.obj
                0x2000397c                panic
 .text.panic_unsupported
                0x200039ac        0xc CMakeFiles/debugprobe.dir/home/stephan/pico/pico-sdk/src/rp2_common/pico_runtime/runtime.c.obj
                0x200039ac                panic_unsupported
 .text.hard_assertion_failure
                0x200039b8        0xc CMakeFiles/debugprobe.dir/home/stephan/pico/pico-sdk/src/rp2_common/pico_runtime/runtime.c.obj
                0x200039b8                hard_assertion_failure
 .text._out_char
                0x200039c4       0x10 CMakeFiles/debugprobe.dir/home/stephan/pico/pico-sdk/src/rp2_common/pico_printf/printf.c.obj
 .text.weak_raw_vprintf
                0x200039d4       0x30 CMakeFiles/debugprobe.dir/home/stephan/pico/pico-sdk/src/rp2_common/pico_printf/printf.c.obj
                0x200039d4                weak_raw_vprintf
 .text          0x20003a04       0x10 CMakeFiles/debugprobe.dir/home/stephan/pico/pico-sdk/src/rp2_common/pico_bit_ops/bit_ops_aeabi.S.obj
 .text.popcountsi
                0x20003a14        0xc CMakeFiles/debugprobe.dir/home/stephan/pico/pico-sdk/src/rp2_common/pico_bit_ops/bit_ops_aeabi.S.obj
                0x20003a14                __wrap___popcountsi2
 .text.rom_func_lookup
                0x20003a20       0x10 CMakeFiles/debugprobe.dir/home/stephan/pico/pico-sdk/src/rp2_common/pico_bootrom/bootrom.c.obj
                0x20003a20                rom_func_lookup
 .text.rom_data_lookup
                0x20003a30       0x10 CMakeFiles/debugprobe.dir/home/stephan/pico/pico-sdk/src/rp2_common/pico_bootrom/bootrom.c.obj
                0x20003a30                rom_data_lookup
 .text.rom_funcs_lookup
                0x20003a40       0x44 CMakeFiles/debugprobe.dir/home/stephan/pico/pico-sdk/src/rp2_common/pico_bootrom/bootrom.c.obj
                0x20003a40                rom_funcs_lookup
 .text.__wrap___aeabi_uidiv
                0x20003a84       0x4c CMakeFiles/debugprobe.dir/home/stephan/pico/pico-sdk/src/rp2_common/pico_divider/divider.S.obj
                0x20003a84                __wrap___aeabi_uidiv
                0x20003a84                __wrap___aeabi_uidivmod
                0x20003a84                div_u32u32
                0x20003a84                divmod_u32u32
                0x20003a8c                divmod_u32u32_unsafe
                0x20003ab4                divmod_u32u32_savestate
 .text.__wrap___aeabi_ldiv
                0x20003ad0      0x424 CMakeFiles/debugprobe.dir/home/stephan/pico/pico-sdk/src/rp2_common/pico_divider/divider.S.obj
                0x20003ad0                div_s64s64
                0x20003ad0                divmod_s64s64
                0x20003ad0                __wrap___aeabi_ldivmod
                0x20003b00                div_u64u64
                0x20003b00                divmod_u64u64
                0x20003b00                __wrap___aeabi_uldivmod
                0x20003b10                divmod_u64u64_savestate
                0x20003b30                divmod_s64s64_unsafe
                0x20003bb8                divmod_u64u64_unsafe
 .text.__aeabi_double_init
                0x20003ef4       0x98 CMakeFiles/debugprobe.dir/home/stephan/pico/pico-sdk/src/rp2_common/pico_double/double_init_rom.c.obj
                0x20003ef4                __aeabi_double_init
 .text.double_table_shim_on_use_helper
                0x20003f8c       0x2c CMakeFiles/debugprobe.dir/home/stephan/pico/pico-sdk/src/rp2_common/pico_double/double_v1_rom_shim.S.obj
                0x20003f8c                double_table_shim_on_use_helper
 .text.__aeabi_lmul
                0x20003fb8       0x32 CMakeFiles/debugprobe.dir/home/stephan/pico/pico-sdk/src/rp2_common/pico_int64_ops/pico_int64_ops_aeabi.S.obj
                0x20003fb8                __wrap___aeabi_lmul
 *fill*         0x20003fea        0x2 
 .text.__aeabi_float_init
                0x20003fec       0x64 CMakeFiles/debugprobe.dir/home/stephan/pico/pico-sdk/src/rp2_common/pico_float/float_init_rom.c.obj
                0x20003fec                __aeabi_float_init
 .text.float_table_shim_on_use_helper
                0x20004050       0x2c CMakeFiles/debugprobe.dir/home/stephan/pico/pico-sdk/src/rp2_common/pico_float/float_v1_rom_shim.S.obj
                0x20004050                float_table_shim_on_use_helper
 .text          0x2000407c       0x10 CMakeFiles/debugprobe.dir/home/stephan/pico/pico-sdk/src/rp2_common/pico_mem_ops/mem_ops_aeabi.S.obj
                0x2000407c                __aeabi_mem_init
 .text.memset   0x2000408c        0xc CMakeFiles/debugprobe.dir/home/stephan/pico/pico-sdk/src/rp2_common/pico_mem_ops/mem_ops_aeabi.S.obj
                0x2000408c                __wrap_memset
 .text.memcpy   0x20004098        0xc CMakeFiles/debugprobe.dir/home/stephan/pico/pico-sdk/src/rp2_common/pico_mem_ops/mem_ops_aeabi.S.obj
                0x20004098                __wrap___aeabi_memcpy
                0x20004098                __wrap_memcpy
 .text.stdio_out_chars_crlf
                0x200040a4       0xbc CMakeFiles/debugprobe.dir/home/stephan/pico/pico-sdk/src/rp2_common/pico_stdio/stdio.c.obj
 .text.__wrap_putchar
                0x20004160       0x98 CMakeFiles/debugprobe.dir/home/stephan/pico/pico-sdk/src/rp2_common/pico_stdio/stdio.c.obj
                0x20004160                __wrap_putchar
 .text.__wrap_puts
                0x200041f8       0xe0 CMakeFiles/debugprobe.dir/home/stephan/pico/pico-sdk/src/rp2_common/pico_stdio/stdio.c.obj
                0x200041f8                __wrap_puts
 .text.stdio_set_driver_enabled
                0x200042d8       0x30 CMakeFiles/debugprobe.dir/home/stephan/pico/pico-sdk/src/rp2_common/pico_stdio/stdio.c.obj
                0x200042d8                stdio_set_driver_enabled
 .text.stdio_uart_out_chars
                0x20004308       0x4c CMakeFiles/debugprobe.dir/home/stephan/pico/pico-sdk/src/rp2_common/pico_stdio_uart/stdio_uart.c.obj
 .text.stdio_uart_in_chars
                0x20004354       0x98 CMakeFiles/debugprobe.dir/home/stephan/pico/pico-sdk/src/rp2_common/pico_stdio_uart/stdio_uart.c.obj
                0x20004354                stdio_uart_in_chars
 .text.on_uart_rx
                0x200043ec       0x28 CMakeFiles/debugprobe.dir/home/stephan/pico/pico-sdk/src/rp2_common/pico_stdio_uart/stdio_uart.c.obj
 .text.stdio_uart_set_chars_available_callback
                0x20004414       0x8c CMakeFiles/debugprobe.dir/home/stephan/pico/pico-sdk/src/rp2_common/pico_stdio_uart/stdio_uart.c.obj
 .text.stdio_uart_init
                0x200044a0       0x48 CMakeFiles/debugprobe.dir/home/stephan/pico/pico-sdk/src/rp2_common/pico_stdio_uart/stdio_uart.c.obj
                0x200044a0                stdio_uart_init
 .text.stdio_uart_init_full
                0x200044e8       0x3c CMakeFiles/debugprobe.dir/home/stephan/pico/pico-sdk/src/rp2_common/pico_stdio_uart/stdio_uart.c.obj
                0x200044e8                stdio_uart_init_full
 .text.startup._retrieve_unique_id_on_boot
                0x20004524       0x10 CMakeFiles/debugprobe.dir/home/stephan/pico/pico-sdk/src/rp2_common/pico_unique_id/unique_id.c.obj
 .text.pico_get_unique_board_id
                0x20004534       0x10 CMakeFiles/debugprobe.dir/home/stephan/pico/pico-sdk/src/rp2_common/pico_unique_id/unique_id.c.obj
                0x20004534                pico_get_unique_board_id
 .text.flash_get_unique_id
                0x20004544       0x40 CMakeFiles/debugprobe.dir/home/stephan/pico/pico-sdk/src/rp2_common/hardware_flash/flash.c.obj
                0x20004544                flash_get_unique_id
 .text.dcd_int_enable
                0x20004584        0xc CMakeFiles/debugprobe.dir/home/stephan/pico/pico-sdk/lib/tinyusb/src/portable/raspberrypi/rp2040/dcd_rp2040.c.obj
                0x20004584                dcd_int_enable
 .text.dcd_set_address
                0x20004590       0x14 CMakeFiles/debugprobe.dir/home/stephan/pico/pico-sdk/lib/tinyusb/src/portable/raspberrypi/rp2040/dcd_rp2040.c.obj
                0x20004590                dcd_set_address
 .text.dcd_connect
                0x200045a4       0x10 CMakeFiles/debugprobe.dir/home/stephan/pico/pico-sdk/lib/tinyusb/src/portable/raspberrypi/rp2040/dcd_rp2040.c.obj
                0x200045a4                dcd_connect
 .text.dcd_init
                0x200045b4       0x98 CMakeFiles/debugprobe.dir/home/stephan/pico/pico-sdk/lib/tinyusb/src/portable/raspberrypi/rp2040/dcd_rp2040.c.obj
                0x200045b4                dcd_init
 .text.dcd_edpt0_status_complete
                0x2000464c       0x1c CMakeFiles/debugprobe.dir/home/stephan/pico/pico-sdk/lib/tinyusb/src/portable/raspberrypi/rp2040/dcd_rp2040.c.obj
                0x2000464c                dcd_edpt0_status_complete
 .text.dcd_edpt_open
                0x20004668      0x108 CMakeFiles/debugprobe.dir/home/stephan/pico/pico-sdk/lib/tinyusb/src/portable/raspberrypi/rp2040/dcd_rp2040.c.obj
                0x20004668                dcd_edpt_open
 .text.dcd_edpt_close_all
                0x20004770        0x8 CMakeFiles/debugprobe.dir/home/stephan/pico/pico-sdk/lib/tinyusb/src/portable/raspberrypi/rp2040/dcd_rp2040.c.obj
                0x20004770                dcd_edpt_close_all
 .text.dcd_edpt_xfer
                0x20004778       0x24 CMakeFiles/debugprobe.dir/home/stephan/pico/pico-sdk/lib/tinyusb/src/portable/raspberrypi/rp2040/dcd_rp2040.c.obj
                0x20004778                dcd_edpt_xfer
 .text.dcd_edpt_stall
                0x2000479c       0x38 CMakeFiles/debugprobe.dir/home/stephan/pico/pico-sdk/lib/tinyusb/src/portable/raspberrypi/rp2040/dcd_rp2040.c.obj
                0x2000479c                dcd_edpt_stall
 .text.dcd_edpt_clear_stall
                0x200047d4       0x30 CMakeFiles/debugprobe.dir/home/stephan/pico/pico-sdk/lib/tinyusb/src/portable/raspberrypi/rp2040/dcd_rp2040.c.obj
                0x200047d4                dcd_edpt_clear_stall
 .text.rp2040_usb_init
                0x20004804       0x4c CMakeFiles/debugprobe.dir/home/stephan/pico/pico-sdk/lib/tinyusb/src/portable/raspberrypi/rp2040/rp2040_usb.c.obj
                0x20004804                rp2040_usb_init
 .text.hw_endpoint_xfer_start
                0x20004850       0x40 CMakeFiles/debugprobe.dir/home/stephan/pico/pico-sdk/lib/tinyusb/src/portable/raspberrypi/rp2040/rp2040_usb.c.obj
                0x20004850                hw_endpoint_xfer_start
 .text.configuration_reset
                0x20004890       0x9c CMakeFiles/debugprobe.dir/home/stephan/pico/pico-sdk/lib/tinyusb/src/device/usbd.c.obj
 .text.tud_mounted
                0x2000492c       0x10 CMakeFiles/debugprobe.dir/home/stephan/pico/pico-sdk/lib/tinyusb/src/device/usbd.c.obj
                0x2000492c                tud_mounted
 .text.tud_suspended
                0x2000493c       0x10 CMakeFiles/debugprobe.dir/home/stephan/pico/pico-sdk/lib/tinyusb/src/device/usbd.c.obj
                0x2000493c                tud_suspended
 .text.tud_inited
                0x2000494c       0x14 CMakeFiles/debugprobe.dir/home/stephan/pico/pico-sdk/lib/tinyusb/src/device/usbd.c.obj
                0x2000494c                tud_inited
 .text.tud_init
                0x20004960       0xfc CMakeFiles/debugprobe.dir/home/stephan/pico/pico-sdk/lib/tinyusb/src/device/usbd.c.obj
                0x20004960                tud_init
 .text.tud_task_event_ready
                0x20004a5c       0x20 CMakeFiles/debugprobe.dir/home/stephan/pico/pico-sdk/lib/tinyusb/src/device/usbd.c.obj
                0x20004a5c                tud_task_event_ready
 .text.tud_task_ext
                0x20004a7c      0x784 CMakeFiles/debugprobe.dir/home/stephan/pico/pico-sdk/lib/tinyusb/src/device/usbd.c.obj
                0x20004a7c                tud_task_ext
 .text.usbd_open_edpt_pair
                0x20005200       0x9c CMakeFiles/debugprobe.dir/home/stephan/pico/pico-sdk/lib/tinyusb/src/device/usbd.c.obj
                0x20005200                usbd_open_edpt_pair
 .text.usbd_edpt_open
                0x2000529c       0x34 CMakeFiles/debugprobe.dir/home/stephan/pico/pico-sdk/lib/tinyusb/src/device/usbd.c.obj
                0x2000529c                usbd_edpt_open
 .text.usbd_edpt_claim
                0x200052d0       0x28 CMakeFiles/debugprobe.dir/home/stephan/pico/pico-sdk/lib/tinyusb/src/device/usbd.c.obj
                0x200052d0                usbd_edpt_claim
 .text.usbd_edpt_release
                0x200052f8       0x28 CMakeFiles/debugprobe.dir/home/stephan/pico/pico-sdk/lib/tinyusb/src/device/usbd.c.obj
                0x200052f8                usbd_edpt_release
 .text.usbd_edpt_xfer
                0x20005320       0x4c CMakeFiles/debugprobe.dir/home/stephan/pico/pico-sdk/lib/tinyusb/src/device/usbd.c.obj
                0x20005320                usbd_edpt_xfer
 .text.usbd_edpt_busy
                0x2000536c       0x1c CMakeFiles/debugprobe.dir/home/stephan/pico/pico-sdk/lib/tinyusb/src/device/usbd.c.obj
                0x2000536c                usbd_edpt_busy
 .text.tud_control_status
                0x20005388       0x2c CMakeFiles/debugprobe.dir/home/stephan/pico/pico-sdk/lib/tinyusb/src/device/usbd_control.c.obj
                0x20005388                tud_control_status
 .text.tud_control_xfer
                0x200053b4       0xac CMakeFiles/debugprobe.dir/home/stephan/pico/pico-sdk/lib/tinyusb/src/device/usbd_control.c.obj
                0x200053b4                tud_control_xfer
 .text.usbd_control_reset
                0x20005460       0x14 CMakeFiles/debugprobe.dir/home/stephan/pico/pico-sdk/lib/tinyusb/src/device/usbd_control.c.obj
                0x20005460                usbd_control_reset
 .text.usbd_control_set_complete_callback
                0x20005474        0xc CMakeFiles/debugprobe.dir/home/stephan/pico/pico-sdk/lib/tinyusb/src/device/usbd_control.c.obj
                0x20005474                usbd_control_set_complete_callback
 .text.usbd_control_set_request
                0x20005480       0x1c CMakeFiles/debugprobe.dir/home/stephan/pico/pico-sdk/lib/tinyusb/src/device/usbd_control.c.obj
                0x20005480                usbd_control_set_request
 .text.usbd_control_xfer_cb
                0x2000549c       0xf4 CMakeFiles/debugprobe.dir/home/stephan/pico/pico-sdk/lib/tinyusb/src/device/usbd_control.c.obj
                0x2000549c                usbd_control_xfer_cb
 .text.tud_cdc_n_connected
                0x20005590       0x30 CMakeFiles/debugprobe.dir/home/stephan/pico/pico-sdk/lib/tinyusb/src/class/cdc/cdc_device.c.obj
                0x20005590                tud_cdc_n_connected
 .text.tud_cdc_n_available
                0x200055c0       0x18 CMakeFiles/debugprobe.dir/home/stephan/pico/pico-sdk/lib/tinyusb/src/class/cdc/cdc_device.c.obj
                0x200055c0                tud_cdc_n_available
 .text.tud_cdc_n_read
                0x200055d8       0x74 CMakeFiles/debugprobe.dir/home/stephan/pico/pico-sdk/lib/tinyusb/src/class/cdc/cdc_device.c.obj
                0x200055d8                tud_cdc_n_read
 .text.tud_cdc_n_read_flush
                0x2000564c       0x60 CMakeFiles/debugprobe.dir/home/stephan/pico/pico-sdk/lib/tinyusb/src/class/cdc/cdc_device.c.obj
                0x2000564c                tud_cdc_n_read_flush
 .text.tud_cdc_n_write_flush
                0x200056ac       0x7c CMakeFiles/debugprobe.dir/home/stephan/pico/pico-sdk/lib/tinyusb/src/class/cdc/cdc_device.c.obj
                0x200056ac                tud_cdc_n_write_flush
 .text.tud_cdc_n_write
                0x20005728       0x34 CMakeFiles/debugprobe.dir/home/stephan/pico/pico-sdk/lib/tinyusb/src/class/cdc/cdc_device.c.obj
                0x20005728                tud_cdc_n_write
 .text.tud_cdc_n_write_available
                0x2000575c       0x18 CMakeFiles/debugprobe.dir/home/stephan/pico/pico-sdk/lib/tinyusb/src/class/cdc/cdc_device.c.obj
                0x2000575c                tud_cdc_n_write_available
 .text.tud_cdc_n_write_clear
                0x20005774       0x18 CMakeFiles/debugprobe.dir/home/stephan/pico/pico-sdk/lib/tinyusb/src/class/cdc/cdc_device.c.obj
                0x20005774                tud_cdc_n_write_clear
 .text.cdcd_init
                0x2000578c       0x7c CMakeFiles/debugprobe.dir/home/stephan/pico/pico-sdk/lib/tinyusb/src/class/cdc/cdc_device.c.obj
                0x2000578c                cdcd_init
 .text.cdcd_reset
                0x20005808       0x2c CMakeFiles/debugprobe.dir/home/stephan/pico/pico-sdk/lib/tinyusb/src/class/cdc/cdc_device.c.obj
                0x20005808                cdcd_reset
 .text.cdcd_open
                0x20005834       0xe4 CMakeFiles/debugprobe.dir/home/stephan/pico/pico-sdk/lib/tinyusb/src/class/cdc/cdc_device.c.obj
                0x20005834                cdcd_open
 .text.cdcd_control_xfer_cb
                0x20005918       0xe4 CMakeFiles/debugprobe.dir/home/stephan/pico/pico-sdk/lib/tinyusb/src/class/cdc/cdc_device.c.obj
                0x20005918                cdcd_control_xfer_cb
 .text.cdcd_xfer_cb
                0x200059fc      0x140 CMakeFiles/debugprobe.dir/home/stephan/pico/pico-sdk/lib/tinyusb/src/class/cdc/cdc_device.c.obj
                0x200059fc                cdcd_xfer_cb
 .text.tud_hid_n_report
                0x20005b3c       0x90 CMakeFiles/debugprobe.dir/home/stephan/pico/pico-sdk/lib/tinyusb/src/class/hid/hid_device.c.obj
                0x20005b3c                tud_hid_n_report
 .text.hidd_init
                0x20005bcc       0x14 CMakeFiles/debugprobe.dir/home/stephan/pico/pico-sdk/lib/tinyusb/src/class/hid/hid_device.c.obj
                0x20005bcc                hidd_init
 .text.hidd_reset
                0x20005be0       0x14 CMakeFiles/debugprobe.dir/home/stephan/pico/pico-sdk/lib/tinyusb/src/class/hid/hid_device.c.obj
                0x20005be0                hidd_reset
 .text.hidd_open
                0x20005bf4       0x8c CMakeFiles/debugprobe.dir/home/stephan/pico/pico-sdk/lib/tinyusb/src/class/hid/hid_device.c.obj
                0x20005bf4                hidd_open
 .text.hidd_control_xfer_cb
                0x20005c80      0x1c8 CMakeFiles/debugprobe.dir/home/stephan/pico/pico-sdk/lib/tinyusb/src/class/hid/hid_device.c.obj
                0x20005c80                hidd_control_xfer_cb
 .text.hidd_xfer_cb
                0x20005e48       0x60 CMakeFiles/debugprobe.dir/home/stephan/pico/pico-sdk/lib/tinyusb/src/class/hid/hid_device.c.obj
                0x20005e48                hidd_xfer_cb
 .text.vendord_init
                0x20005ea8       0x6c CMakeFiles/debugprobe.dir/home/stephan/pico/pico-sdk/lib/tinyusb/src/class/vendor/vendor_device.c.obj
                0x20005ea8                vendord_init
 .text.vendord_reset
                0x20005f14       0x1c CMakeFiles/debugprobe.dir/home/stephan/pico/pico-sdk/lib/tinyusb/src/class/vendor/vendor_device.c.obj
                0x20005f14                vendord_reset
 .text.vendord_open
                0x20005f30       0xdc CMakeFiles/debugprobe.dir/home/stephan/pico/pico-sdk/lib/tinyusb/src/class/vendor/vendor_device.c.obj
                0x20005f30                vendord_open
 .text.vendord_xfer_cb
                0x2000600c       0xb4 CMakeFiles/debugprobe.dir/home/stephan/pico/pico-sdk/lib/tinyusb/src/class/vendor/vendor_device.c.obj
                0x2000600c                vendord_xfer_cb
 .text.tusb_init
                0x200060c0        0xc CMakeFiles/debugprobe.dir/home/stephan/pico/pico-sdk/lib/tinyusb/src/tusb.c.obj
                0x200060c0                tusb_init
 .text.tusb_inited
                0x200060cc        0x8 CMakeFiles/debugprobe.dir/home/stephan/pico/pico-sdk/lib/tinyusb/src/tusb.c.obj
                0x200060cc                tusb_inited
 .text.tu_edpt_claim
                0x200060d4       0x50 CMakeFiles/debugprobe.dir/home/stephan/pico/pico-sdk/lib/tinyusb/src/tusb.c.obj
                0x200060d4                tu_edpt_claim
 .text.tu_edpt_release
                0x20006124       0x38 CMakeFiles/debugprobe.dir/home/stephan/pico/pico-sdk/lib/tinyusb/src/tusb.c.obj
                0x20006124                tu_edpt_release
 .text.tu_edpt_validate
                0x2000615c       0x7c CMakeFiles/debugprobe.dir/home/stephan/pico/pico-sdk/lib/tinyusb/src/tusb.c.obj
                0x2000615c                tu_edpt_validate
 .text.tu_edpt_bind_driver
                0x200061d8       0x34 CMakeFiles/debugprobe.dir/home/stephan/pico/pico-sdk/lib/tinyusb/src/tusb.c.obj
                0x200061d8                tu_edpt_bind_driver
 .text.tu_fifo_config
                0x2000620c       0x6c CMakeFiles/debugprobe.dir/home/stephan/pico/pico-sdk/lib/tinyusb/src/common/tusb_fifo.c.obj
                0x2000620c                tu_fifo_config
 .text.tu_fifo_count
                0x20006278       0x2c CMakeFiles/debugprobe.dir/home/stephan/pico/pico-sdk/lib/tinyusb/src/common/tusb_fifo.c.obj
                0x20006278                tu_fifo_count
 .text.tu_fifo_empty
                0x200062a4       0x10 CMakeFiles/debugprobe.dir/home/stephan/pico/pico-sdk/lib/tinyusb/src/common/tusb_fifo.c.obj
                0x200062a4                tu_fifo_empty
 .text.tu_fifo_remaining
                0x200062b4       0x2c CMakeFiles/debugprobe.dir/home/stephan/pico/pico-sdk/lib/tinyusb/src/common/tusb_fifo.c.obj
                0x200062b4                tu_fifo_remaining
 .text.tu_fifo_read
                0x200062e0       0x9c CMakeFiles/debugprobe.dir/home/stephan/pico/pico-sdk/lib/tinyusb/src/common/tusb_fifo.c.obj
                0x200062e0                tu_fifo_read
 .text.tu_fifo_read_n
                0x2000637c       0xe8 CMakeFiles/debugprobe.dir/home/stephan/pico/pico-sdk/lib/tinyusb/src/common/tusb_fifo.c.obj
                0x2000637c                tu_fifo_read_n
 .text.tu_fifo_write
                0x20006464       0x88 CMakeFiles/debugprobe.dir/home/stephan/pico/pico-sdk/lib/tinyusb/src/common/tusb_fifo.c.obj
                0x20006464                tu_fifo_write
 .text.tu_fifo_write_n
                0x200064ec      0x170 CMakeFiles/debugprobe.dir/home/stephan/pico/pico-sdk/lib/tinyusb/src/common/tusb_fifo.c.obj
                0x200064ec                tu_fifo_write_n
 .text.tu_fifo_clear
                0x2000665c       0x40 CMakeFiles/debugprobe.dir/home/stephan/pico/pico-sdk/lib/tinyusb/src/common/tusb_fifo.c.obj
                0x2000665c                tu_fifo_clear
 .text.tu_fifo_set_overwritable
                0x2000669c       0x48 CMakeFiles/debugprobe.dir/home/stephan/pico/pico-sdk/lib/tinyusb/src/common/tusb_fifo.c.obj
                0x2000669c                tu_fifo_set_overwritable
 .text.hw_enumeration_fix_force_ls_j_done
                0x200066e4       0x44 CMakeFiles/debugprobe.dir/home/stephan/pico/pico-sdk/src/rp2_common/pico_fix/rp2040_usb_device_enumeration/rp2040_usb_device_enumeration.c.obj
                0x200066e4                hw_enumeration_fix_force_ls_j_done
 .text.hw_enumeration_fix_force_ls_j
                0x20006728      0x108 CMakeFiles/debugprobe.dir/home/stephan/pico/pico-sdk/src/rp2_common/pico_fix/rp2040_usb_device_enumeration/rp2040_usb_device_enumeration.c.obj
 .text.hw_enumeration_fix_wait_se0_callback
                0x20006830       0x24 CMakeFiles/debugprobe.dir/home/stephan/pico/pico-sdk/src/rp2_common/pico_fix/rp2040_usb_device_enumeration/rp2040_usb_device_enumeration.c.obj
                0x20006830                hw_enumeration_fix_wait_se0_callback
 .text.rp2040_usb_device_enumeration_fix
                0x20006854       0x68 CMakeFiles/debugprobe.dir/home/stephan/pico/pico-sdk/src/rp2_common/pico_fix/rp2040_usb_device_enumeration/rp2040_usb_device_enumeration.c.obj
                0x20006854                rp2040_usb_device_enumeration_fix
 .text.board_init
                0x200068bc       0x30 CMakeFiles/debugprobe.dir/home/stephan/pico/pico-sdk/lib/tinyusb/hw/bsp/rp2040/family.c.obj
                0x200068bc                board_init
 .text.pio_add_program
                0x200068ec       0xf0 CMakeFiles/debugprobe.dir/home/stephan/pico/pico-sdk/src/rp2_common/hardware_pio/pio.c.obj
                0x200068ec                pio_add_program
 .text.pio_remove_program
                0x200069dc       0x34 CMakeFiles/debugprobe.dir/home/stephan/pico/pico-sdk/src/rp2_common/hardware_pio/pio.c.obj
                0x200069dc                pio_remove_program
 .text.pio_sm_set_consecutive_pindirs
                0x20006a10       0xa8 CMakeFiles/debugprobe.dir/home/stephan/pico/pico-sdk/src/rp2_common/hardware_pio/pio.c.obj
                0x20006a10                pio_sm_set_consecutive_pindirs
 .text.pio_sm_init
                0x20006ab8       0x98 CMakeFiles/debugprobe.dir/home/stephan/pico/pico-sdk/src/rp2_common/hardware_pio/pio.c.obj
                0x20006ab8                pio_sm_init
 .text.vPortSVCHandler
                0x20006b50        0x4 CMakeFiles/debugprobe.dir/freertos/portable/ThirdParty/GCC/RP2040/port.c.obj
                0x20006b50                vPortSVCHandler
 .text.vPortStartFirstTask
                0x20006b54       0x28 CMakeFiles/debugprobe.dir/freertos/portable/ThirdParty/GCC/RP2040/port.c.obj
 .text.xPortPendSVHandler
                0x20006b7c       0x60 CMakeFiles/debugprobe.dir/freertos/portable/ThirdParty/GCC/RP2040/port.c.obj
                0x20006b7c                xPortPendSVHandler
 .text.prvFIFOInterruptHandler
                0x20006bdc       0x78 CMakeFiles/debugprobe.dir/freertos/portable/ThirdParty/GCC/RP2040/port.c.obj
 .text.prvTaskExitError
                0x20006c54        0x8 CMakeFiles/debugprobe.dir/freertos/portable/ThirdParty/GCC/RP2040/port.c.obj
 .text.pxPortInitialiseStack
                0x20006c5c       0x20 CMakeFiles/debugprobe.dir/freertos/portable/ThirdParty/GCC/RP2040/port.c.obj
                0x20006c5c                pxPortInitialiseStack
 .text.vPortYield
                0x20006c7c       0x18 CMakeFiles/debugprobe.dir/freertos/portable/ThirdParty/GCC/RP2040/port.c.obj
                0x20006c7c                vPortYield
 .text.vPortEnterCritical
                0x20006c94       0x18 CMakeFiles/debugprobe.dir/freertos/portable/ThirdParty/GCC/RP2040/port.c.obj
                0x20006c94                vPortEnterCritical
 .text.vPortExitCritical
                0x20006cac       0x34 CMakeFiles/debugprobe.dir/freertos/portable/ThirdParty/GCC/RP2040/port.c.obj
                0x20006cac                vPortExitCritical
 .text.ulSetInterruptMaskFromISR
                0x20006ce0        0x8 CMakeFiles/debugprobe.dir/freertos/portable/ThirdParty/GCC/RP2040/port.c.obj
                0x20006ce0                ulSetInterruptMaskFromISR
 .text.vClearInterruptMaskFromISR
                0x20006ce8        0x8 CMakeFiles/debugprobe.dir/freertos/portable/ThirdParty/GCC/RP2040/port.c.obj
                0x20006ce8                vClearInterruptMaskFromISR
 .text.xPortSysTickHandler
                0x20006cf0       0x24 CMakeFiles/debugprobe.dir/freertos/portable/ThirdParty/GCC/RP2040/port.c.obj
                0x20006cf0                xPortSysTickHandler
 .text.vPortSetupTimerInterrupt
                0x20006d14       0x34 CMakeFiles/debugprobe.dir/freertos/portable/ThirdParty/GCC/RP2040/port.c.obj
                0x20006d14                vPortSetupTimerInterrupt
 .text.xPortStartScheduler
                0x20006d48       0xa0 CMakeFiles/debugprobe.dir/freertos/portable/ThirdParty/GCC/RP2040/port.c.obj
                0x20006d48                xPortStartScheduler
 .text.ulPortLockGetCurrentOwnerId
                0x20006de8       0x2c CMakeFiles/debugprobe.dir/freertos/portable/ThirdParty/GCC/RP2040/port.c.obj
                0x20006de8                ulPortLockGetCurrentOwnerId
 .text.vPortLockInternalSpinUnlockWithNotify
                0x20006e14       0xc8 CMakeFiles/debugprobe.dir/freertos/portable/ThirdParty/GCC/RP2040/port.c.obj
                0x20006e14                vPortLockInternalSpinUnlockWithNotify
 .text.xPortLockInternalSpinUnlockWithBestEffortWaitOrTimeout
                0x20006edc       0xf4 CMakeFiles/debugprobe.dir/freertos/portable/ThirdParty/GCC/RP2040/port.c.obj
                0x20006edc                xPortLockInternalSpinUnlockWithBestEffortWaitOrTimeout
 .text.startup.prvRuntimeInitializer
                0x20006fd0       0x28 CMakeFiles/debugprobe.dir/freertos/portable/ThirdParty/GCC/RP2040/port.c.obj
 .text.vEventGroupSetBitsCallback
                0x20006ff8       0x8c CMakeFiles/debugprobe.dir/freertos/event_groups.c.obj
                0x20006ff8                vEventGroupSetBitsCallback
 .text.xEventGroupCreate
                0x20007084       0x18 CMakeFiles/debugprobe.dir/freertos/event_groups.c.obj
                0x20007084                xEventGroupCreate
 .text.xEventGroupWaitBits
                0x2000709c       0xb8 CMakeFiles/debugprobe.dir/freertos/event_groups.c.obj
                0x2000709c                xEventGroupWaitBits
 .text.xEventGroupSetBits
                0x20007154       0x90 CMakeFiles/debugprobe.dir/freertos/event_groups.c.obj
                0x20007154                xEventGroupSetBits
 .text.xEventGroupSetBitsFromISR
                0x200071e4       0x18 CMakeFiles/debugprobe.dir/freertos/event_groups.c.obj
                0x200071e4                xEventGroupSetBitsFromISR
 .text.vListInitialise
                0x200071fc       0x18 CMakeFiles/debugprobe.dir/freertos/list.c.obj
                0x200071fc                vListInitialise
 .text.vListInitialiseItem
                0x20007214        0x8 CMakeFiles/debugprobe.dir/freertos/list.c.obj
                0x20007214                vListInitialiseItem
 .text.vListInsertEnd
                0x2000721c       0x18 CMakeFiles/debugprobe.dir/freertos/list.c.obj
                0x2000721c                vListInsertEnd
 .text.vListInsert
                0x20007234       0x30 CMakeFiles/debugprobe.dir/freertos/list.c.obj
                0x20007234                vListInsert
 .text.uxListRemove
                0x20007264       0x24 CMakeFiles/debugprobe.dir/freertos/list.c.obj
                0x20007264                uxListRemove
 .text.prvUnlockQueue
                0x20007288      0x17c CMakeFiles/debugprobe.dir/freertos/queue.c.obj
 .text.prvNotifyQueueSetContainer
                0x20007404       0x90 CMakeFiles/debugprobe.dir/freertos/queue.c.obj
 .text.xQueueGenericCreate
                0x20007494       0xa4 CMakeFiles/debugprobe.dir/freertos/queue.c.obj
                0x20007494                xQueueGenericCreate
 .text.xQueueGenericSendFromISR
                0x20007538      0x130 CMakeFiles/debugprobe.dir/freertos/queue.c.obj
                0x20007538                xQueueGenericSendFromISR
 .text.xQueueReceive
                0x20007668      0x124 CMakeFiles/debugprobe.dir/freertos/queue.c.obj
                0x20007668                xQueueReceive
 .text.vQueueAddToRegistry
                0x2000778c      0x118 CMakeFiles/debugprobe.dir/freertos/queue.c.obj
                0x2000778c                vQueueAddToRegistry
 .text.vQueueWaitForMessageRestricted
                0x200078a4       0x48 CMakeFiles/debugprobe.dir/freertos/queue.c.obj
                0x200078a4                vQueueWaitForMessageRestricted
 .text.prvIdleTask
                0x200078ec       0x60 CMakeFiles/debugprobe.dir/freertos/tasks.c.obj
 .text.vTaskSwitchContext.part.0
                0x2000794c       0x80 CMakeFiles/debugprobe.dir/freertos/tasks.c.obj
 .text.xTaskCreate
                0x200079cc      0x24c CMakeFiles/debugprobe.dir/freertos/tasks.c.obj
                0x200079cc                xTaskCreate
 .text.vTaskSuspend
                0x20007c18       0xcc CMakeFiles/debugprobe.dir/freertos/tasks.c.obj
                0x20007c18                vTaskSuspend
 .text.vTaskResume
                0x20007ce4       0x90 CMakeFiles/debugprobe.dir/freertos/tasks.c.obj
                0x20007ce4                vTaskResume
 .text.vTaskStartScheduler
                0x20007d74      0x1dc CMakeFiles/debugprobe.dir/freertos/tasks.c.obj
                0x20007d74                vTaskStartScheduler
 .text.vTaskSuspendAll
                0x20007f50       0x10 CMakeFiles/debugprobe.dir/freertos/tasks.c.obj
                0x20007f50                vTaskSuspendAll
 .text.xTaskGetTickCount
                0x20007f60        0xc CMakeFiles/debugprobe.dir/freertos/tasks.c.obj
                0x20007f60                xTaskGetTickCount
 .text.uxTaskGetNumberOfTasks
                0x20007f6c        0xc CMakeFiles/debugprobe.dir/freertos/tasks.c.obj
                0x20007f6c                uxTaskGetNumberOfTasks
 .text.xTaskIncrementTick
                0x20007f78      0x1c0 CMakeFiles/debugprobe.dir/freertos/tasks.c.obj
                0x20007f78                xTaskIncrementTick
 .text.xTaskResumeAll
                0x20008138      0x168 CMakeFiles/debugprobe.dir/freertos/tasks.c.obj
                0x20008138                xTaskResumeAll
 .text.xTaskDelayUntil
                0x200082a0       0x9c CMakeFiles/debugprobe.dir/freertos/tasks.c.obj
                0x200082a0                xTaskDelayUntil
 .text.vTaskSwitchContext
                0x2000833c       0x20 CMakeFiles/debugprobe.dir/freertos/tasks.c.obj
                0x2000833c                vTaskSwitchContext
 .text.vTaskPlaceOnEventList
                0x2000835c       0x94 CMakeFiles/debugprobe.dir/freertos/tasks.c.obj
                0x2000835c                vTaskPlaceOnEventList
 .text.vTaskPlaceOnUnorderedEventList
                0x200083f0       0xb8 CMakeFiles/debugprobe.dir/freertos/tasks.c.obj
                0x200083f0                vTaskPlaceOnUnorderedEventList
 .text.vTaskPlaceOnEventListRestricted
                0x200084a8       0xc0 CMakeFiles/debugprobe.dir/freertos/tasks.c.obj
                0x200084a8                vTaskPlaceOnEventListRestricted
 .text.xTaskRemoveFromEventList
                0x20008568       0xd0 CMakeFiles/debugprobe.dir/freertos/tasks.c.obj
                0x20008568                xTaskRemoveFromEventList
 .text.vTaskRemoveFromUnorderedEventList
                0x20008638       0x94 CMakeFiles/debugprobe.dir/freertos/tasks.c.obj
                0x20008638                vTaskRemoveFromUnorderedEventList
 .text.vTaskInternalSetTimeOutState
                0x200086cc       0x18 CMakeFiles/debugprobe.dir/freertos/tasks.c.obj
                0x200086cc                vTaskInternalSetTimeOutState
 .text.xTaskCheckForTimeOut
                0x200086e4       0x74 CMakeFiles/debugprobe.dir/freertos/tasks.c.obj
                0x200086e4                xTaskCheckForTimeOut
 .text.vTaskMissedYield
                0x20008758        0xc CMakeFiles/debugprobe.dir/freertos/tasks.c.obj
                0x20008758                vTaskMissedYield
 .text.xTaskGetCurrentTaskHandle
                0x20008764        0xc CMakeFiles/debugprobe.dir/freertos/tasks.c.obj
                0x20008764                xTaskGetCurrentTaskHandle
 .text.xTaskPriorityDisinherit
                0x20008770       0x64 CMakeFiles/debugprobe.dir/freertos/tasks.c.obj
                0x20008770                xTaskPriorityDisinherit
 .text.uxTaskResetEventItemValue
                0x200087d4       0x18 CMakeFiles/debugprobe.dir/freertos/tasks.c.obj
                0x200087d4                uxTaskResetEventItemValue
 .text.prvTimerTask
                0x200087ec      0x384 CMakeFiles/debugprobe.dir/freertos/timers.c.obj
 .text.xTimerCreateTimerTask
                0x20008b70       0x8c CMakeFiles/debugprobe.dir/freertos/timers.c.obj
                0x20008b70                xTimerCreateTimerTask
 .text.xTimerPendFunctionCallFromISR
                0x20008bfc       0x28 CMakeFiles/debugprobe.dir/freertos/timers.c.obj
                0x20008bfc                xTimerPendFunctionCallFromISR
 .text.exception_set_exclusive_handler
                0x20008c24       0x48 CMakeFiles/debugprobe.dir/home/stephan/pico/pico-sdk/src/rp2_common/hardware_exception/exception.c.obj
                0x20008c24                exception_set_exclusive_handler
 .text.pvPortMalloc
                0x20008c6c       0x94 CMakeFiles/debugprobe.dir/freertos/portable/MemMang/heap_1.c.obj
                0x20008c6c                pvPortMalloc
 .text.vPortFree
                0x20008d00        0x4 CMakeFiles/debugprobe.dir/freertos/portable/MemMang/heap_1.c.obj
                0x20008d00                vPortFree
 .text          0x20008d04        0x4 /usr/lib/gcc/arm-none-eabi/12.2.1/thumb/v6-m/nofp/libgcc.a(_dvmd_tls.o)
                0x20008d04                __aeabi_ldiv0
                0x20008d04                __aeabi_idiv0
 .text          0x20008d08       0x20 /usr/lib/gcc/arm-none-eabi/12.2.1/thumb/v6-m/nofp/libgcc.a(_paritysi2.o)
                0x20008d08                __paritysi2
 .text          0x20008d28       0x5c /usr/lib/gcc/arm-none-eabi/12.2.1/../../../arm-none-eabi/lib/thumb/v6-m/nofp/libc.a(lib_a-strlen-stub.o)
                0x20008d28                strlen
 *(.fini)
 .fini          0x20008d84        0x4 /usr/lib/gcc/arm-none-eabi/12.2.1/thumb/v6-m/nofp/crti.o
                0x20008d84                _fini
 *crtbegin.o(.ctors)
 *crtbegin?.o(.ctors)
 *(EXCLUDE_FILE(*crtend.o *crtend?.o) .ctors)
 *(SORT_BY_NAME(.ctors.*))
 *(.ctors)
 *crtbegin.o(.dtors)
 *crtbegin?.o(.dtors)
 *(EXCLUDE_FILE(*crtend.o *crtend?.o) .dtors)
 *(SORT_BY_NAME(.dtors.*))
 *(.dtors)
 *(.eh_frame*)
 .eh_frame      0x20008d88        0x0 /usr/lib/gcc/arm-none-eabi/12.2.1/thumb/v6-m/nofp/crtbegin.o
                0x20008d88                . = ALIGN (0x4)
                0x20008d88                __ram_text_end__ = .
                0x10000320                __ram_text_source__ = LOADADDR (.text)

.glue_7         0x20008d88        0x0 load address 0x10008fe8
 .glue_7        0x20008d88        0x0 linker stubs

.glue_7t        0x20008d88        0x0 load address 0x10008fe8
 .glue_7t       0x20008d88        0x0 linker stubs

.vfp11_veneer   0x20008d88        0x0 load address 0x10008fe8
 .vfp11_veneer  0x20008d88        0x0 linker stubs

.v4_bx          0x20008d88        0x0 load address 0x10008fe8
 .v4_bx         0x20008d88        0x0 linker stubs

.iplt           0x20008d88        0x0 load address 0x10008fe8
 .iplt          0x20008d88        0x0 /usr/lib/gcc/arm-none-eabi/12.2.1/thumb/v6-m/nofp/crtbegin.o

.rel.dyn        0x20008d88        0x0 load address 0x10008fe8
 .rel.iplt      0x20008d88        0x0 /usr/lib/gcc/arm-none-eabi/12.2.1/thumb/v6-m/nofp/crtbegin.o
                0x20008d88                . = ALIGN (0x4)

.data           0x20008d90     0x1470 load address 0x10008fe8
                0x20008d90                __data_start__ = .
 *(vtable)
 *(.time_critical*)
 .time_critical.mutex_try_enter_block_until
                0x20008d90       0xa0 CMakeFiles/debugprobe.dir/home/stephan/pico/pico-sdk/src/common/pico_sync/mutex.c.obj
                0x20008d90                mutex_try_enter_block_until
 .time_critical.mutex_enter_timeout_ms
                0x20008e30       0x78 CMakeFiles/debugprobe.dir/home/stephan/pico/pico-sdk/src/common/pico_sync/mutex.c.obj
                0x20008e30                mutex_enter_timeout_ms
 .time_critical.mutex_exit
                0x20008ea8       0x20 CMakeFiles/debugprobe.dir/home/stephan/pico/pico-sdk/src/common/pico_sync/mutex.c.obj
                0x20008ea8                mutex_exit
 .time_critical.flash_init_boot2_copyout
                0x20008ec8       0x30 CMakeFiles/debugprobe.dir/home/stephan/pico/pico-sdk/src/rp2_common/hardware_flash/flash.c.obj
 .time_critical.flash_enable_xip_via_boot2
                0x20008ef8        0xc CMakeFiles/debugprobe.dir/home/stephan/pico/pico-sdk/src/rp2_common/hardware_flash/flash.c.obj
 .time_critical.flash_cs_force
                0x20008f04       0x38 CMakeFiles/debugprobe.dir/home/stephan/pico/pico-sdk/src/rp2_common/hardware_flash/flash.c.obj
 .time_critical.flash_do_cmd
                0x20008f3c       0xc0 CMakeFiles/debugprobe.dir/home/stephan/pico/pico-sdk/src/rp2_common/hardware_flash/flash.c.obj
                0x20008f3c                flash_do_cmd
 .time_critical.reset_non_control_endpoints
                0x20008ffc       0x68 CMakeFiles/debugprobe.dir/home/stephan/pico/pico-sdk/lib/tinyusb/src/portable/raspberrypi/rp2040/dcd_rp2040.c.obj
 .time_critical.hw_handle_buff_status
                0x20009064       0xac CMakeFiles/debugprobe.dir/home/stephan/pico/pico-sdk/lib/tinyusb/src/portable/raspberrypi/rp2040/dcd_rp2040.c.obj
 .time_critical.dcd_rp2040_irq
                0x20009110      0x520 CMakeFiles/debugprobe.dir/home/stephan/pico/pico-sdk/lib/tinyusb/src/portable/raspberrypi/rp2040/dcd_rp2040.c.obj
 .time_critical.e15_is_bulkin_ep
                0x20009630       0x28 CMakeFiles/debugprobe.dir/home/stephan/pico/pico-sdk/lib/tinyusb/src/portable/raspberrypi/rp2040/rp2040_usb.c.obj
 .time_critical.e15_is_critical_frame_period
                0x20009658       0x34 CMakeFiles/debugprobe.dir/home/stephan/pico/pico-sdk/lib/tinyusb/src/portable/raspberrypi/rp2040/rp2040_usb.c.obj
 .time_critical.prepare_ep_buffer
                0x2000968c       0x6c CMakeFiles/debugprobe.dir/home/stephan/pico/pico-sdk/lib/tinyusb/src/portable/raspberrypi/rp2040/rp2040_usb.c.obj
 .time_critical.sync_ep_buffer
                0x200096f8       0x48 CMakeFiles/debugprobe.dir/home/stephan/pico/pico-sdk/lib/tinyusb/src/portable/raspberrypi/rp2040/rp2040_usb.c.obj
 .time_critical._hw_endpoint_xfer_sync
                0x20009740       0x28 CMakeFiles/debugprobe.dir/home/stephan/pico/pico-sdk/lib/tinyusb/src/portable/raspberrypi/rp2040/rp2040_usb.c.obj
 .time_critical.hw_endpoint_reset_transfer
                0x20009768        0xc CMakeFiles/debugprobe.dir/home/stephan/pico/pico-sdk/lib/tinyusb/src/portable/raspberrypi/rp2040/rp2040_usb.c.obj
                0x20009768                hw_endpoint_reset_transfer
 .time_critical._hw_endpoint_buffer_control_update32
                0x20009774       0x58 CMakeFiles/debugprobe.dir/home/stephan/pico/pico-sdk/lib/tinyusb/src/portable/raspberrypi/rp2040/rp2040_usb.c.obj
                0x20009774                _hw_endpoint_buffer_control_update32
 .time_critical.hw_endpoint_start_next_buffer
                0x200097cc       0x6c CMakeFiles/debugprobe.dir/home/stephan/pico/pico-sdk/lib/tinyusb/src/portable/raspberrypi/rp2040/rp2040_usb.c.obj
                0x200097cc                hw_endpoint_start_next_buffer
 .time_critical.hw_endpoint_xfer_continue
                0x20009838       0x50 CMakeFiles/debugprobe.dir/home/stephan/pico/pico-sdk/lib/tinyusb/src/portable/raspberrypi/rp2040/rp2040_usb.c.obj
                0x20009838                hw_endpoint_xfer_continue
 .time_critical.tinyusb
                0x20009888      0x1ac CMakeFiles/debugprobe.dir/home/stephan/pico/pico-sdk/lib/tinyusb/src/device/usbd.c.obj
                0x20009888                dcd_event_handler
                0x20009a34                . = ALIGN (0x4)
 *(.rodata*)
 .rodata.str1.4
                0x20009a34       0x7a CMakeFiles/debugprobe.dir/src/probe_config.c.obj
 *fill*         0x20009aae        0x2 
 .rodata.__bi_16.0
                0x20009ab0        0xc CMakeFiles/debugprobe.dir/src/probe_config.c.obj
 .rodata.__bi_20.1
                0x20009abc        0xc CMakeFiles/debugprobe.dir/src/probe_config.c.obj
 .rodata.__bi_24.2
                0x20009ac8        0xc CMakeFiles/debugprobe.dir/src/probe_config.c.obj
 .rodata.__bi_32.3
                0x20009ad4        0xc CMakeFiles/debugprobe.dir/src/probe_config.c.obj
 .rodata.__bi_33.4
                0x20009ae0        0xc CMakeFiles/debugprobe.dir/src/probe_config.c.obj
 .rodata.__bi_34.5
                0x20009aec        0xc CMakeFiles/debugprobe.dir/src/probe_config.c.obj
 .rodata.__bi_35.6
                0x20009af8        0xc CMakeFiles/debugprobe.dir/src/probe_config.c.obj
 .rodata.main.str1.4
                0x20009b04       0x10 CMakeFiles/debugprobe.dir/src/main.c.obj
 .rodata.vApplicationStackOverflowHook.str1.4
                0x20009b14       0x2e CMakeFiles/debugprobe.dir/src/main.c.obj
 *fill*         0x20009b42        0x2 
 .rodata.vApplicationMallocFailedHook.str1.4
                0x20009b44        0xf CMakeFiles/debugprobe.dir/src/main.c.obj
 *fill*         0x20009b53        0x1 
 .rodata.desc_ms_os_20
                0x20009b54       0xb2 CMakeFiles/debugprobe.dir/src/usb_descriptors.c.obj
                0x20009b54                desc_ms_os_20
 *fill*         0x20009c06        0x2 
 .rodata.desc_bos
                0x20009c08       0x21 CMakeFiles/debugprobe.dir/src/usb_descriptors.c.obj
                0x20009c08                desc_bos
 *fill*         0x20009c29        0x3 
 .rodata.str1.4
                0x20009c2c       0x6f CMakeFiles/debugprobe.dir/src/usb_descriptors.c.obj
 *fill*         0x20009c9b        0x1 
 .rodata.__compound_literal.0
                0x20009c9c        0x2 CMakeFiles/debugprobe.dir/src/usb_descriptors.c.obj
 *fill*         0x20009c9e        0x2 
 .rodata.desc_hid_report
                0x20009ca0       0x22 CMakeFiles/debugprobe.dir/src/usb_descriptors.c.obj
 *fill*         0x20009cc2        0x2 
 .rodata.desc_device
                0x20009cc4       0x12 CMakeFiles/debugprobe.dir/src/usb_descriptors.c.obj
                0x20009cc4                desc_device
 *fill*         0x20009cd6        0x2 
 .rodata.probe_program
                0x20009cd8        0x6 CMakeFiles/debugprobe.dir/src/probe.c.obj
 *fill*         0x20009cde        0x2 
 .rodata.probe_program_instructions
                0x20009ce0       0x16 CMakeFiles/debugprobe.dir/src/probe.c.obj
 *fill*         0x20009cf6        0x2 
 .rodata._dap_edpt_driver
                0x20009cf8       0x18 CMakeFiles/debugprobe.dir/src/tusb_edpt_handler.c.obj
                0x20009cf8                _dap_edpt_driver
 .rodata.DAP_ProcessCommand.str1.4
                0x20009d10        0x6 CMakeFiles/debugprobe.dir/CMSIS_5/CMSIS/DAP/Firmware/Source/DAP.c.obj
 *fill*         0x20009d16        0x2 
 .rodata.DAP_ProcessCommand
                0x20009d18       0x78 CMakeFiles/debugprobe.dir/CMSIS_5/CMSIS/DAP/Firmware/Source/DAP.c.obj
 .rodata.hardware_alarm_claim.str1.4
                0x20009d90       0x22 CMakeFiles/debugprobe.dir/home/stephan/pico/pico-sdk/src/rp2_common/hardware_timer/timer.c.obj
 *fill*         0x20009db2        0x2 
 .rodata.spin_lock_claim_unused.str1.4
                0x20009db4       0x1b CMakeFiles/debugprobe.dir/home/stephan/pico/pico-sdk/src/rp2_common/hardware_sync/sync.c.obj
 *fill*         0x20009dcf        0x1 
 .rodata.panic.str1.4
                0x20009dd0       0x10 CMakeFiles/debugprobe.dir/home/stephan/pico/pico-sdk/src/rp2_common/pico_runtime/runtime.c.obj
                                 0x12 (size before relaxing)
 .rodata.panic_unsupported.str1.4
                0x20009de0        0xe CMakeFiles/debugprobe.dir/home/stephan/pico/pico-sdk/src/rp2_common/pico_runtime/runtime.c.obj
 *fill*         0x20009dee        0x2 
 .rodata.hard_assertion_failure.str1.4
                0x20009df0        0xc CMakeFiles/debugprobe.dir/home/stephan/pico/pico-sdk/src/rp2_common/pico_runtime/runtime.c.obj
 .rodata.str1.4
                0x20009dfc       0x40 CMakeFiles/debugprobe.dir/home/stephan/pico/pico-sdk/src/rp2_common/pico_standard_link/binary_info.c.obj
 .rodata.__bi_81
                0x20009e3c        0xc CMakeFiles/debugprobe.dir/home/stephan/pico/pico-sdk/src/rp2_common/pico_standard_link/binary_info.c.obj
 .rodata.__bi_75
                0x20009e48        0xc CMakeFiles/debugprobe.dir/home/stephan/pico/pico-sdk/src/rp2_common/pico_standard_link/binary_info.c.obj
 .rodata.__bi_44
                0x20009e54        0xc CMakeFiles/debugprobe.dir/home/stephan/pico/pico-sdk/src/rp2_common/pico_standard_link/binary_info.c.obj
 .rodata.crlf_str.0
                0x20009e60        0x2 CMakeFiles/debugprobe.dir/home/stephan/pico/pico-sdk/src/rp2_common/pico_stdio/stdio.c.obj
 *fill*         0x20009e62        0x2 
 .rodata.str1.4
                0x20009e64       0x2c CMakeFiles/debugprobe.dir/home/stephan/pico/pico-sdk/src/rp2_common/pico_stdio_uart/stdio_uart.c.obj
 .rodata.__bi_33.4
                0x20009e90        0xc CMakeFiles/debugprobe.dir/home/stephan/pico/pico-sdk/src/rp2_common/pico_stdio_uart/stdio_uart.c.obj
 .rodata.__bi_34.5
                0x20009e9c        0x8 CMakeFiles/debugprobe.dir/home/stephan/pico/pico-sdk/src/rp2_common/pico_stdio_uart/stdio_uart.c.obj
 .rodata.str1.4
                0x20009ea4       0x14 CMakeFiles/debugprobe.dir/home/stephan/pico/pico-sdk/lib/tinyusb/src/portable/raspberrypi/rp2040/dcd_rp2040.c.obj
 .rodata.str1.4
                0x20009eb8       0x49 CMakeFiles/debugprobe.dir/home/stephan/pico/pico-sdk/lib/tinyusb/src/portable/raspberrypi/rp2040/rp2040_usb.c.obj
                                 0x53 (size before relaxing)
 *fill*         0x20009f01        0x3 
 .rodata.tud_task_ext
                0x20009f04       0x8c CMakeFiles/debugprobe.dir/home/stephan/pico/pico-sdk/lib/tinyusb/src/device/usbd.c.obj
 .rodata._usbd_driver
                0x20009f90       0x48 CMakeFiles/debugprobe.dir/home/stephan/pico/pico-sdk/lib/tinyusb/src/device/usbd.c.obj
 .rodata.hidd_control_xfer_cb
                0x20009fd8       0x30 CMakeFiles/debugprobe.dir/home/stephan/pico/pico-sdk/lib/tinyusb/src/class/hid/hid_device.c.obj
 .rodata.str1.4
                0x2000a008        0x4 CMakeFiles/debugprobe.dir/home/stephan/pico/pico-sdk/lib/tinyusb/hw/bsp/rp2040/family.c.obj
 .rodata.__bi_142.0
                0x2000a00c        0xc CMakeFiles/debugprobe.dir/home/stephan/pico/pico-sdk/lib/tinyusb/hw/bsp/rp2040/family.c.obj
 .rodata.__bi_152.1
                0x2000a018        0x8 CMakeFiles/debugprobe.dir/home/stephan/pico/pico-sdk/lib/tinyusb/hw/bsp/rp2040/family.c.obj
 .rodata.pio_add_program.str1.4
                0x2000a020       0x11 CMakeFiles/debugprobe.dir/home/stephan/pico/pico-sdk/src/rp2_common/hardware_pio/pio.c.obj
 *fill*         0x2000a031        0x3 
 .rodata.prvTimerTask
                0x2000a034       0x28 CMakeFiles/debugprobe.dir/freertos/timers.c.obj
 .rodata.xTimerCreateTimerTask.str1.4
                0x2000a05c       0x10 CMakeFiles/debugprobe.dir/freertos/timers.c.obj
                0x2000a06c                . = ALIGN (0x4)
 *(.data*)
 .data.string_desc_arr
                0x2000a06c       0x1c CMakeFiles/debugprobe.dir/src/usb_descriptors.c.obj
                0x2000a06c                string_desc_arr
 .data.desc_configuration
                0x2000a088       0x62 CMakeFiles/debugprobe.dir/src/usb_descriptors.c.obj
                0x2000a088                desc_configuration
 *fill*         0x2000a0ea        0x2 
 .data.debounce_ticks
                0x2000a0ec        0x4 CMakeFiles/debugprobe.dir/src/cdc_uart.c.obj
 .data.interval
                0x2000a0f0        0x4 CMakeFiles/debugprobe.dir/src/cdc_uart.c.obj
                0x2000a0f0                interval
 .data.default_alarm_pool
                0x2000a0f4       0x18 CMakeFiles/debugprobe.dir/home/stephan/pico/pico-sdk/src/common/pico_time/time.c.obj
 .data.default_alarm_pool_heap
                0x2000a10c       0x10 CMakeFiles/debugprobe.dir/home/stephan/pico/pico-sdk/src/common/pico_time/time.c.obj
 .data.striped_spin_lock_num
                0x2000a11c        0x1 CMakeFiles/debugprobe.dir/home/stephan/pico/pico-sdk/src/rp2_common/hardware_sync/sync.c.obj
 *fill*         0x2000a11d        0x3 
 .data          0x2000a120       0x48 CMakeFiles/debugprobe.dir/home/stephan/pico/pico-sdk/src/rp2_common/hardware_irq/irq_handler_chain.S.obj
                0x2000a120                irq_handler_chain_slots
                0x2000a150                irq_handler_chain_first_slot
                0x2000a15a                irq_handler_chain_remove_tail
 *fill*         0x2000a168        0x8 
 .data.aeabi_bits_funcs
                0x2000a170       0x10 CMakeFiles/debugprobe.dir/home/stephan/pico/pico-sdk/src/rp2_common/pico_bit_ops/bit_ops_aeabi.S.obj
                0x2000a170                aeabi_bits_funcs
                0x2000a180                aeabi_bits_funcs_end
 .data.aeabi_mem_funcs
                0x2000a180       0x10 CMakeFiles/debugprobe.dir/home/stephan/pico/pico-sdk/src/rp2_common/pico_mem_ops/mem_ops_aeabi.S.obj
                0x2000a180                aeabi_mem_funcs
                0x2000a190                aeabi_mem_funcs_end
 .data.stdio_uart
                0x2000a190       0x18 CMakeFiles/debugprobe.dir/home/stephan/pico/pico-sdk/src/rp2_common/pico_stdio_uart/stdio_uart.c.obj
                0x2000a190                stdio_uart
 .data.ep_dir_string
                0x2000a1a8        0x8 CMakeFiles/debugprobe.dir/home/stephan/pico/pico-sdk/lib/tinyusb/src/portable/raspberrypi/rp2040/rp2040_usb.c.obj
                0x2000a1a8                ep_dir_string
 .data._usbd_qdef
                0x2000a1b0       0x1c CMakeFiles/debugprobe.dir/home/stephan/pico/pico-sdk/lib/tinyusb/src/device/usbd.c.obj
                0x2000a1b0                _usbd_qdef
 .data._usbd_rhport
                0x2000a1cc        0x1 CMakeFiles/debugprobe.dir/home/stephan/pico/pico-sdk/lib/tinyusb/src/device/usbd.c.obj
 .data.ucLaunchCoreNum
                0x2000a1cd        0x1 CMakeFiles/debugprobe.dir/freertos/portable/ThirdParty/GCC/RP2040/port.c.obj
 *fill*         0x2000a1ce        0x2 
 .data.uxTopUsedPriority
                0x2000a1d0        0x4 CMakeFiles/debugprobe.dir/freertos/tasks.c.obj
                0x2000a1d0                uxTopUsedPriority
                0x2000a1d4                . = ALIGN (0x4)
 *(.after_data.*)
                0x2000a1d4                . = ALIGN (0x4)
                0x2000a1d4                PROVIDE (__mutex_array_start = .)
 *(SORT_BY_NAME(.mutex_array.*))
 *(.mutex_array)
 .mutex_array   0x2000a1d4        0x8 CMakeFiles/debugprobe.dir/home/stephan/pico/pico-sdk/src/rp2_common/pico_malloc/pico_malloc.c.obj
 .mutex_array   0x2000a1dc        0x8 CMakeFiles/debugprobe.dir/home/stephan/pico/pico-sdk/src/rp2_common/pico_stdio/stdio.c.obj
                0x2000a1e4                PROVIDE (__mutex_array_end = .)
                0x2000a1e4                . = ALIGN (0x4)
                0x2000a1e4                PROVIDE (__preinit_array_start = .)
 *(SORT_BY_NAME(.preinit_array.*))
 .preinit_array.00001
                0x2000a1e4        0x4 CMakeFiles/debugprobe.dir/home/stephan/pico/pico-sdk/src/rp2_common/pico_mem_ops/mem_ops_aeabi.S.obj
 .preinit_array.00010
                0x2000a1e8        0x4 CMakeFiles/debugprobe.dir/home/stephan/pico/pico-sdk/src/rp2_common/pico_bit_ops/bit_ops_aeabi.S.obj
 .preinit_array.00020
                0x2000a1ec        0x4 CMakeFiles/debugprobe.dir/home/stephan/pico/pico-sdk/src/rp2_common/pico_double/double_aeabi.S.obj
 .preinit_array.00020
                0x2000a1f0        0x4 CMakeFiles/debugprobe.dir/home/stephan/pico/pico-sdk/src/rp2_common/pico_float/float_aeabi.S.obj
 *(.preinit_array)
                0x2000a1f4                PROVIDE (__preinit_array_end = .)
                0x2000a1f4                . = ALIGN (0x4)
                0x2000a1f4                PROVIDE (__init_array_start = .)
 *(SORT_BY_NAME(.init_array.*))
 *(.init_array)
 .init_array    0x2000a1f4        0x4 /usr/lib/gcc/arm-none-eabi/12.2.1/thumb/v6-m/nofp/crtbegin.o
 .init_array    0x2000a1f8        0x4 CMakeFiles/debugprobe.dir/home/stephan/pico/pico-sdk/src/rp2_common/pico_unique_id/unique_id.c.obj
 .init_array    0x2000a1fc        0x4 CMakeFiles/debugprobe.dir/freertos/portable/ThirdParty/GCC/RP2040/port.c.obj
                0x2000a200                PROVIDE (__init_array_end = .)
                0x2000a200                . = ALIGN (0x4)
                0x2000a200                PROVIDE (__fini_array_start = .)
 *(SORT_BY_NAME(.fini_array.*))
 *(.fini_array)
                0x2000a200                PROVIDE (__fini_array_end = .)
 *(.jcr)
                0x2000a200                . = ALIGN (0x4)
                0x2000a200                __data_end__ = .
                0x10008fe8                __etext = LOADADDR (.data)

.tm_clone_table
                0x2000a200        0x0 load address 0x1000a458
 .tm_clone_table
                0x2000a200        0x0 /usr/lib/gcc/arm-none-eabi/12.2.1/thumb/v6-m/nofp/crtbegin.o
 .tm_clone_table
                0x2000a200        0x0 /usr/lib/gcc/arm-none-eabi/12.2.1/thumb/v6-m/nofp/crtend.o

.igot.plt       0x2000a200        0x0 load address 0x1000a458
 .igot.plt      0x2000a200        0x0 /usr/lib/gcc/arm-none-eabi/12.2.1/thumb/v6-m/nofp/crtbegin.o

.uninitialized_data
                0x2000a200        0x0 load address 0x1000a458
                0x2000a200                . = ALIGN (0x4)
 *(.uninitialized_data*)

.scratch_x      0x20040000        0x0 load address 0x1000a458
                0x20040000                __scratch_x_start__ = .
 *(.scratch_x.*)
                0x20040000                . = ALIGN (0x4)
                0x20040000                __scratch_x_end__ = .
                0x1000a458                __scratch_x_source__ = LOADADDR (.scratch_x)

.scratch_y      0x20041000        0x0 load address 0x1000a458
                0x20041000                __scratch_y_start__ = .
 *(.scratch_y.*)
                0x20041000                . = ALIGN (0x4)
                0x20041000                __scratch_y_end__ = .
                0x1000a458                __scratch_y_source__ = LOADADDR (.scratch_y)

.bss            0x2000a200    0x16398
                0x2000a200                . = ALIGN (0x4)
                0x2000a200                __bss_start__ = .
 *(SORT_BY_ALIGNMENT(SORT_BY_NAME(.bss*)))
 .bss.configured_freq
                0x2000a200       0x28 CMakeFiles/debugprobe.dir/home/stephan/pico/pico-sdk/src/rp2_common/hardware_clocks/clocks.c.obj
 .bss.default_alarm_pool_entries
                0x2000a228      0x100 CMakeFiles/debugprobe.dir/home/stephan/pico/pico-sdk/src/common/pico_time/time.c.obj
 .bss.sd_table  0x2000a328      0x100 CMakeFiles/debugprobe.dir/home/stephan/pico/pico-sdk/src/rp2_common/pico_double/double_init_rom.c.obj
                0x2000a328                sd_table
 .bss.sf_table  0x2000a428      0x100 CMakeFiles/debugprobe.dir/home/stephan/pico/pico-sdk/src/rp2_common/pico_float/float_init_rom.c.obj
                0x2000a428                sf_table
 .bss.xQueueRegistry
                0x2000a528       0x40 CMakeFiles/debugprobe.dir/freertos/queue.c.obj
                0x2000a528                xQueueRegistry
 .bss           0x2000a568       0x1c /usr/lib/gcc/arm-none-eabi/12.2.1/thumb/v6-m/nofp/crtbegin.o
 .bss.DAPRequestBuffer
                0x2000a584       0x40 CMakeFiles/debugprobe.dir/src/tusb_edpt_handler.c.obj
 .bss.DAPResponseBuffer
                0x2000a5c4       0x40 CMakeFiles/debugprobe.dir/src/tusb_edpt_handler.c.obj
 .bss.DAP_Data  0x2000a604       0x1c CMakeFiles/debugprobe.dir/CMSIS_5/CMSIS/DAP/Firmware/Source/DAP.c.obj
                0x2000a604                DAP_Data
 .bss.TxDataBuffer
                0x2000a620       0x40 CMakeFiles/debugprobe.dir/src/main.c.obj
 .bss.USBRequestBuffer
                0x2000a660       0x8c CMakeFiles/debugprobe.dir/src/tusb_edpt_handler.c.obj
 .bss.USBResponseBuffer
                0x2000a6ec       0x8c CMakeFiles/debugprobe.dir/src/tusb_edpt_handler.c.obj
 .bss._app_driver
                0x2000a778        0x4 CMakeFiles/debugprobe.dir/home/stephan/pico/pico-sdk/lib/tinyusb/src/device/usbd.c.obj
 .bss._cdcd_itf
                0x2000a77c     0x1148 CMakeFiles/debugprobe.dir/home/stephan/pico/pico-sdk/lib/tinyusb/src/class/cdc/cdc_device.c.obj
 .bss._ctrl_xfer
                0x2000b8c4       0x14 CMakeFiles/debugprobe.dir/home/stephan/pico/pico-sdk/lib/tinyusb/src/device/usbd_control.c.obj
 .bss._desc_str
                0x2000b8d8       0x40 CMakeFiles/debugprobe.dir/src/usb_descriptors.c.obj
 .bss._hidd_itf
                0x2000b918       0x8c CMakeFiles/debugprobe.dir/home/stephan/pico/pico-sdk/lib/tinyusb/src/class/hid/hid_device.c.obj
 .bss._resp_len
                0x2000b9a4        0x4 CMakeFiles/debugprobe.dir/src/tusb_edpt_handler.c.obj
                0x2000b9a4                _resp_len
 .bss._ubsd_mutexdef
                0x2000b9a8        0x8 CMakeFiles/debugprobe.dir/home/stephan/pico/pico-sdk/lib/tinyusb/src/device/usbd.c.obj
 .bss._usbd_ctrl_buf
                0x2000b9b0       0x40 CMakeFiles/debugprobe.dir/home/stephan/pico/pico-sdk/lib/tinyusb/src/device/usbd_control.c.obj
 .bss._usbd_dev
                0x2000b9f0       0x53 CMakeFiles/debugprobe.dir/home/stephan/pico/pico-sdk/lib/tinyusb/src/device/usbd.c.obj
 *fill*         0x2000ba43        0x1 
 .bss._usbd_mutex
                0x2000ba44        0x4 CMakeFiles/debugprobe.dir/home/stephan/pico/pico-sdk/lib/tinyusb/src/device/usbd.c.obj
 .bss._usbd_q   0x2000ba48        0x4 CMakeFiles/debugprobe.dir/home/stephan/pico/pico-sdk/lib/tinyusb/src/device/usbd.c.obj
 .bss._usbd_qdef_buf
                0x2000ba4c       0xc0 CMakeFiles/debugprobe.dir/home/stephan/pico/pico-sdk/lib/tinyusb/src/device/usbd.c.obj
                0x2000ba4c                _usbd_qdef_buf
 .bss._used_instruction_space
                0x2000bb0c        0x8 CMakeFiles/debugprobe.dir/home/stephan/pico/pico-sdk/src/rp2_common/hardware_pio/pio.c.obj
 .bss._vendord_itf
                0x2000bb14     0x40bc CMakeFiles/debugprobe.dir/home/stephan/pico/pico-sdk/lib/tinyusb/src/class/vendor/vendor_device.c.obj
 .bss.alarm_callbacks
                0x2000fbd0       0x10 CMakeFiles/debugprobe.dir/home/stephan/pico/pico-sdk/src/rp2_common/hardware_timer/timer.c.obj
 .bss.boot2_copyout
                0x2000fbe0      0x100 CMakeFiles/debugprobe.dir/home/stephan/pico/pico-sdk/src/rp2_common/hardware_flash/flash.c.obj
 .bss.break_expiry
                0x2000fce0        0x4 CMakeFiles/debugprobe.dir/src/cdc_uart.c.obj
                0x2000fce0                break_expiry
 .bss.cached_delay
                0x2000fce4        0x4 CMakeFiles/debugprobe.dir/src/sw_dp_pio.c.obj
                0x2000fce4                cached_delay
 .bss.cdc_tx_oe.0
                0x2000fce8        0x4 CMakeFiles/debugprobe.dir/src/cdc_uart.c.obj
 .bss.chars_available_callback
                0x2000fcec        0x4 CMakeFiles/debugprobe.dir/home/stephan/pico/pico-sdk/src/rp2_common/pico_stdio_uart/stdio_uart.c.obj
 .bss.chars_available_param
                0x2000fcf0        0x4 CMakeFiles/debugprobe.dir/home/stephan/pico/pico-sdk/src/rp2_common/pico_stdio_uart/stdio_uart.c.obj
 .bss.claimed   0x2000fcf4        0x4 CMakeFiles/debugprobe.dir/home/stephan/pico/pico-sdk/src/rp2_common/hardware_sync/sync.c.obj
 .bss.dap_taskhandle
                0x2000fcf8        0x4 CMakeFiles/debugprobe.dir/src/main.c.obj
                0x2000fcf8                dap_taskhandle
 .bss.default_alarm_pool_entry_ids_high
                0x2000fcfc       0x10 CMakeFiles/debugprobe.dir/home/stephan/pico/pico-sdk/src/common/pico_time/time.c.obj
 .bss.default_alarm_pool_heap_nodes
                0x2000fd0c       0x30 CMakeFiles/debugprobe.dir/home/stephan/pico/pico-sdk/src/common/pico_time/time.c.obj
 .bss.drivers   0x2000fd3c        0x4 CMakeFiles/debugprobe.dir/home/stephan/pico/pico-sdk/src/rp2_common/pico_stdio/stdio.c.obj
 .bss.e15_last_sof
                0x2000fd40        0x4 CMakeFiles/debugprobe.dir/home/stephan/pico/pico-sdk/lib/tinyusb/src/portable/raspberrypi/rp2040/rp2040_usb.c.obj
                0x2000fd40                e15_last_sof
 .bss.filter    0x2000fd44        0x4 CMakeFiles/debugprobe.dir/home/stephan/pico/pico-sdk/src/rp2_common/pico_stdio/stdio.c.obj
 .bss.gpio_ctrl_prev
                0x2000fd48        0x4 CMakeFiles/debugprobe.dir/home/stephan/pico/pico-sdk/src/rp2_common/pico_fix/rp2040_usb_device_enumeration/rp2040_usb_device_enumeration.c.obj
 .bss.hw_endpoints
                0x2000fd4c      0x400 CMakeFiles/debugprobe.dir/home/stephan/pico/pico-sdk/lib/tinyusb/src/portable/raspberrypi/rp2040/dcd_rp2040.c.obj
 .bss.last_wake
                0x2001014c        0x4 CMakeFiles/debugprobe.dir/src/cdc_uart.c.obj
                0x2001014c                last_wake
 .bss.lazy_vsnprintf
                0x20010150        0x4 CMakeFiles/debugprobe.dir/home/stephan/pico/pico-sdk/src/rp2_common/pico_printf/printf.c.obj
 .bss.next_buffer_ptr
                0x20010154        0x4 CMakeFiles/debugprobe.dir/home/stephan/pico/pico-sdk/lib/tinyusb/src/portable/raspberrypi/rp2040/dcd_rp2040.c.obj
 .bss.pad_ctrl_prev
                0x20010158        0x4 CMakeFiles/debugprobe.dir/home/stephan/pico/pico-sdk/src/rp2_common/pico_fix/rp2040_usb_device_enumeration/rp2040_usb_device_enumeration.c.obj
 .bss.pools     0x2001015c       0x10 CMakeFiles/debugprobe.dir/home/stephan/pico/pico-sdk/src/common/pico_time/time.c.obj
 .bss.probe     0x2001016c        0x8 CMakeFiles/debugprobe.dir/src/probe.c.obj
 .bss.pucAlignedHeap.0
                0x20010174        0x4 CMakeFiles/debugprobe.dir/freertos/portable/MemMang/heap_1.c.obj
 .bss.pxCrossCoreSpinLock
                0x20010178        0x4 CMakeFiles/debugprobe.dir/freertos/portable/ThirdParty/GCC/RP2040/port.c.obj
 .bss.pxCurrentTCB
                0x2001017c        0x4 CMakeFiles/debugprobe.dir/freertos/tasks.c.obj
                0x2001017c                pxCurrentTCB
 .bss.pxCurrentTimerList
                0x20010180        0x4 CMakeFiles/debugprobe.dir/freertos/timers.c.obj
 .bss.pxDelayedTaskList
                0x20010184        0x4 CMakeFiles/debugprobe.dir/freertos/tasks.c.obj
 .bss.pxOverflowDelayedTaskList
                0x20010188        0x4 CMakeFiles/debugprobe.dir/freertos/tasks.c.obj
 .bss.pxOverflowTimerList
                0x2001018c        0x4 CMakeFiles/debugprobe.dir/freertos/timers.c.obj
 .bss.pxReadyTasksLists
                0x20010190      0x280 CMakeFiles/debugprobe.dir/freertos/tasks.c.obj
 .bss.pxYieldSpinLock
                0x20010410        0x4 CMakeFiles/debugprobe.dir/freertos/portable/ThirdParty/GCC/RP2040/port.c.obj
 .bss.retrieved_id
                0x20010414        0x8 CMakeFiles/debugprobe.dir/home/stephan/pico/pico-sdk/src/rp2_common/pico_unique_id/unique_id.c.obj
 .bss.rx_buf    0x2001041c       0x20 CMakeFiles/debugprobe.dir/src/cdc_uart.c.obj
 .bss.rx_led_debounce
                0x2001043c        0x4 CMakeFiles/debugprobe.dir/src/cdc_uart.c.obj